Archive member included because of file (symbol)

C:\Program Files (x86)\VEX Robotics\VEXcode Pro V5\sdk/vexv5\libv5rt.a(v5_startup.c.obj)
                              (vexStartup)
C:\Program Files (x86)\VEX Robotics\VEXcode Pro V5\sdk/vexv5\libv5rt.a(v5_util.c.obj)
                              C:\Program Files (x86)\VEX Robotics\VEXcode Pro V5\sdk/vexv5\libv5rt.a(v5_startup.c.obj) (vexStdlibVersionLinked)
C:\Program Files (x86)\VEX Robotics\VEXcode Pro V5\sdk/vexv5\libv5rt.a(v5_apijump.c.obj)
                              C:\Program Files (x86)\VEX Robotics\VEXcode Pro V5\sdk/vexv5\libv5rt.a(v5_startup.c.obj) (vexPrivateApiEnable)
C:\Program Files (x86)\VEX Robotics\VEXcode Pro V5\sdk/vexv5\libv5rt.a(v5_apiversions.c.obj)
                              C:\Program Files (x86)\VEX Robotics\VEXcode Pro V5\sdk/vexv5\libv5rt.a(v5_apijump.c.obj) (vexSystemVersion)
C:\Program Files (x86)\VEX Robotics\VEXcode Pro V5\sdk/vexv5\libv5rt.a(vex_global.cpp.obj)
                              build/src/main.o (vex::wait(double, vex::timeUnits))
C:\Program Files (x86)\VEX Robotics\VEXcode Pro V5\sdk/vexv5\libv5rt.a(vex_motor.cpp.obj)
                              build/src/robot-config.o (vex::motor::~motor())
C:\Program Files (x86)\VEX Robotics\VEXcode Pro V5\sdk/vexv5\libv5rt.a(vex_imu.cpp.obj)
                              build/src/robot-config.o (vex::inertial::~inertial())
C:\Program Files (x86)\VEX Robotics\VEXcode Pro V5\sdk/vexv5\libv5rt.a(vex_rotation.cpp.obj)
                              build/src/robot-config.o (vex::rotation::~rotation())
C:\Program Files (x86)\VEX Robotics\VEXcode Pro V5\sdk/vexv5\libv5rt.a(vex_gps.cpp.obj)
                              build/src/robot-config.o (vex::gps::~gps())
C:\Program Files (x86)\VEX Robotics\VEXcode Pro V5\sdk/vexv5\libv5rt.a(vex_controller.cpp.obj)
                              build/src/robot-config.o (vex::controller::~controller())
C:\Program Files (x86)\VEX Robotics\VEXcode Pro V5\sdk/vexv5\libv5rt.a(vex_task.cpp.obj)
                              build/src/main.o (vex::task::task(int (*)()))
C:\Program Files (x86)\VEX Robotics\VEXcode Pro V5\sdk/vexv5\libv5rt.a(vex_thread.cpp.obj)
                              C:\Program Files (x86)\VEX Robotics\VEXcode Pro V5\sdk/vexv5\libv5rt.a(vex_global.cpp.obj) (vex::this_thread::sleep_for(unsigned long))
C:\Program Files (x86)\VEX Robotics\VEXcode Pro V5\sdk/vexv5\libv5rt.a(vex_event.cpp.obj)
                              C:\Program Files (x86)\VEX Robotics\VEXcode Pro V5\sdk/vexv5\libv5rt.a(vex_imu.cpp.obj) (vex::event::init(unsigned long, unsigned long, void (*)()))
C:\Program Files (x86)\VEX Robotics\VEXcode Pro V5\sdk/vexv5\libv5rt.a(vex_mevent.cpp.obj)
                              C:\Program Files (x86)\VEX Robotics\VEXcode Pro V5\sdk/vexv5\libv5rt.a(vex_controller.cpp.obj) (vex::mevent::mevent(unsigned long, unsigned long))
C:\Program Files (x86)\VEX Robotics\VEXcode Pro V5\sdk/vexv5\libv5rt.a(vex_brain.cpp.obj)
                              build/src/main.o (vex::brain::lcd::setCursor(long, long))
C:\Program Files (x86)\VEX Robotics\VEXcode Pro V5\sdk/vexv5\libv5rt.a(vex_competition.cpp.obj)
                              build/src/main.o (vex::competition::competition())
C:\Program Files (x86)\VEX Robotics\VEXcode Pro V5\sdk/vexv5\libv5rt.a(vex_triport.cpp.obj)
                              C:\Program Files (x86)\VEX Robotics\VEXcode Pro V5\sdk/vexv5\libv5rt.a(vex_brain.cpp.obj) (vex::triport::~triport())
C:\Program Files (x86)\VEX Robotics\VEXcode Pro V5\sdk/vexv5\libv5rt.a(vex_color.cpp.obj)
                              C:\Program Files (x86)\VEX Robotics\VEXcode Pro V5\sdk/vexv5\libv5rt.a(vex_brain.cpp.obj) (vex::color::operator unsigned long() const)
C:\Program Files (x86)\VEX Robotics\VEXcode Pro V5\sdk/vexv5\libv5rt.a(vex_timer.cpp.obj)
                              C:\Program Files (x86)\VEX Robotics\VEXcode Pro V5\sdk/vexv5\libv5rt.a(vex_brain.cpp.obj) (vex::timer::~timer())
C:\Program Files (x86)\VEX Robotics\VEXcode Pro V5\sdk/vexv5\libv5rt.a(v5_apiuser.c.obj)
                              C:\Program Files (x86)\VEX Robotics\VEXcode Pro V5\sdk/vexv5\libv5rt.a(vex_triport.cpp.obj) (vexAdiPortConfigSet)
C:\Program Files (x86)\VEX Robotics\VEXcode Pro V5\sdk/vexv5\libv5rt.a(vex_device.cpp.obj)
                              C:\Program Files (x86)\VEX Robotics\VEXcode Pro V5\sdk/vexv5\libv5rt.a(vex_motor.cpp.obj) (vex::device::~device())
C:\Program Files (x86)\VEX Robotics\VEXcode Pro V5\sdk/vexv5/gcc/libs\libc.a(lib_a-fini.o)
                              C:\Program Files (x86)\VEX Robotics\VEXcode Pro V5\sdk/vexv5\libv5rt.a(v5_startup.c.obj) (__libc_fini_array)
C:\Program Files (x86)\VEX Robotics\VEXcode Pro V5\sdk/vexv5/gcc/libs\libc.a(lib_a-impure.o)
                              C:\Program Files (x86)\VEX Robotics\VEXcode Pro V5\sdk/vexv5\libv5rt.a(v5_startup.c.obj) (_impure_ptr)
[...]
Memory Configuration

Name             Origin             Length             Attributes
ps7_ddr_0_S_AXI_BASEADDR 0x03800000         0x04800000
*default*        0x00000000         0xffffffff

Linker script and memory map

                0x00002000                _STACK_SIZE = DEFINED (_STACK_SIZE)?_STACK_SIZE:0x2000
                0x00100000                _HEAP_SIZE = DEFINED (_HEAP_SIZE)?_HEAP_SIZE:0x100000
                0x00000400                _ABORT_STACK_SIZE = DEFINED (_ABORT_STACK_SIZE)?_ABORT_STACK_SIZE:0x400
                0x00000800                _SUPERVISOR_STACK_SIZE = DEFINED (_SUPERVISOR_STACK_SIZE)?_SUPERVISOR_STACK_SIZE:0x800
                0x00000400                _IRQ_STACK_SIZE = DEFINED (_IRQ_STACK_SIZE)?_IRQ_STACK_SIZE:0x400
                0x00000400                _FIQ_STACK_SIZE = DEFINED (_FIQ_STACK_SIZE)?_FIQ_STACK_SIZE:0x400
                0x00000400                _UNDEF_STACK_SIZE = DEFINED (_UNDEF_STACK_SIZE)?_UNDEF_STACK_SIZE:0x400

.text           0x03800000     0x4808
 *(.vectors)
 *(.boot_data)
 .boot_data     0x03800000       0x20 C:\Program Files (x86)\VEX Robotics\VEXcode Pro V5\sdk/vexv5\libv5rt.a(v5_startup.c.obj)
                0x03800000                vexCodeSig
                0x00000020                . = 0x20
 *(.boot)
 .boot          0x03800020       0xbc C:\Program Files (x86)\VEX Robotics\VEXcode Pro V5\sdk/vexv5\libv5rt.a(v5_startup.c.obj)
                0x03800020                vexStartup
                0x03800100                . = ALIGN (0x40)
 *fill*         0x038000dc       0x24 
 *(.freertos_vectors)
 *(.text)
 *(.text.*)
 .text._Z8drivePIDv
                0x03800100      0x3ac build/src/main.o
                0x03800100                drivePID()
 .text._Z9CdrivePIDv
                0x038004ac      0x168 build/src/main.o
                0x038004ac                CdrivePID()
 *fill*         0x03800614        0x4 
 .text._Z16positionTrackingv
                0x03800618      0x3f0 build/src/main.o
                0x03800618                positionTracking()
 .text._Z9pre_autonv
                0x03800a08      0x178 build/src/main.o
                0x03800a08                pre_auton()
 .text._Z8shootarmv
                0x03800b80       0x50 build/src/main.o
                0x03800b80                shootarm()
 .text._Z10autonomousv
                0x03800bd0       0x28 build/src/main.o
                0x03800bd0                autonomous()
 .text._Z13leftDrivestopv
                0x03800bf8       0x30 build/src/main.o
                0x03800bf8                leftDrivestop()
 .text._Z14rightDrivestopv
                0x03800c28       0x30 build/src/main.o
                0x03800c28                rightDrivestop()
 .text._Z13catapultRightv
                0x03800c58       0x2c build/src/main.o
                0x03800c58                catapultRight()
 .text._Z11cataclangerv
                0x03800c84       0x50 build/src/main.o
                0x03800c84                cataclanger()
 *fill*         0x03800cd4        0x4 
 .text._Z15shootarmcorrectv
                0x03800cd8       0x68 build/src/main.o
                0x03800cd8                shootarmcorrect()
 .text._Z11usercontrolv
                0x03800d40      0x380 build/src/main.o
                0x03800d40                usercontrol()
 .text.main     0x038010c0       0x68 build/src/main.o
                0x038010c0                main
 .text._GLOBAL__sub_I_main.cpp
                0x03801128       0xac build/src/main.o
 .text._Z11vexcodeInitv
                0x038011d4        0x4 build/src/robot-config.o
                0x038011d4                vexcodeInit()
 .text._GLOBAL__sub_I_robot_config.cpp
                0x038011d8      0x3d4 build/src/robot-config.o
 .text.vexMain  0x038015ac       0xb0 C:\Program Files (x86)\VEX Robotics\VEXcode Pro V5\sdk/vexv5\libv5rt.a(v5_startup.c.obj)
                0x038015ac                vexMain
 .text.__vex_function_prolog
                0x0380165c       0x18 C:\Program Files (x86)\VEX Robotics\VEXcode Pro V5\sdk/vexv5\libv5rt.a(v5_startup.c.obj)
                0x0380165c                __vex_function_prolog
 .text._init    0x03801674        0x4 C:\Program Files (x86)\VEX Robotics\VEXcode Pro V5\sdk/vexv5\libv5rt.a(v5_startup.c.obj)
                0x03801674                _init
 .text._fini    0x03801678        0x4 C:\Program Files (x86)\VEX Robotics\VEXcode Pro V5\sdk/vexv5\libv5rt.a(v5_startup.c.obj)
                0x03801678                _fini
 .text.vexStdlibVersionLinked
                0x0380167c        0xc C:\Program Files (x86)\VEX Robotics\VEXcode Pro V5\sdk/vexv5\libv5rt.a(v5_util.c.obj)
                0x0380167c                vexStdlibVersionLinked
 .text.vexStdlibVersionVerify
                0x03801688       0x30 C:\Program Files (x86)\VEX Robotics\VEXcode Pro V5\sdk/vexv5\libv5rt.a(v5_util.c.obj)
                0x03801688                vexStdlibVersionVerify
 .text.vexPrivateApiEnable
                0x038016b8       0x10 C:\Program Files (x86)\VEX Robotics\VEXcode Pro V5\sdk/vexv5\libv5rt.a(v5_apijump.c.obj)
                0x038016b8                vexPrivateApiEnable
 .text.vexStdlibMismatchError
                0x038016c8       0x3c C:\Program Files (x86)\VEX Robotics\VEXcode Pro V5\sdk/vexv5\libv5rt.a(v5_apijump.c.obj)
                0x038016c8                vexStdlibMismatchError
 .text.vexTaskAdd
                0x03801704       0x10 C:\Program Files (x86)\VEX Robotics\VEXcode Pro V5\sdk/vexv5\libv5rt.a(v5_apijump.c.obj)
                0x03801704                vexTaskAdd
 .text.vexTasksRun
                0x03801714       0x10 C:\Program Files (x86)\VEX Robotics\VEXcode Pro V5\sdk/vexv5\libv5rt.a(v5_apijump.c.obj)
                0x03801714                vexTasksRun
 .text.vexTaskYield
                0x03801724       0x10 C:\Program Files (x86)\VEX Robotics\VEXcode Pro V5\sdk/vexv5\libv5rt.a(v5_apijump.c.obj)
                0x03801724                vexTaskYield
 .text.vexTaskCheckTimeslice
                0x03801734       0x10 C:\Program Files (x86)\VEX Robotics\VEXcode Pro V5\sdk/vexv5\libv5rt.a(v5_apijump.c.obj)
                0x03801734                vexTaskCheckTimeslice
 .text.vexTaskSleep
                0x03801744       0x10 C:\Program Files (x86)\VEX Robotics\VEXcode Pro V5\sdk/vexv5\libv5rt.a(v5_apijump.c.obj)
                0x03801744                vexTaskSleep
 .text.vexTasksDump
                0x03801754       0x1c C:\Program Files (x86)\VEX Robotics\VEXcode Pro V5\sdk/vexv5\libv5rt.a(v5_apijump.c.obj)
                0x03801754                vexTasksDump
 .text.vexTaskGetTaskIndex
                0x03801770       0x10 C:\Program Files (x86)\VEX Robotics\VEXcode Pro V5\sdk/vexv5\libv5rt.a(v5_apijump.c.obj)
                0x03801770                vexTaskGetTaskIndex
 .text.vexTaskStopAll
                0x03801780       0x10 C:\Program Files (x86)\VEX Robotics\VEXcode Pro V5\sdk/vexv5\libv5rt.a(v5_apijump.c.obj)
                0x03801780                vexTaskStopAll
 .text.vexTaskRemoveAllUser
                0x03801790       0x34 C:\Program Files (x86)\VEX Robotics\VEXcode Pro V5\sdk/vexv5\libv5rt.a(v5_apijump.c.obj)
                0x03801790                vexTaskRemoveAllUser
 .text.vexTaskCompletionIdSet
                0x038017c4       0x10 C:\Program Files (x86)\VEX Robotics\VEXcode Pro V5\sdk/vexv5\libv5rt.a(v5_apijump.c.obj)
                0x038017c4                vexTaskCompletionIdSet
 .text.vexTaskStopWithId
                0x038017d4       0x10 C:\Program Files (x86)\VEX Robotics\VEXcode Pro V5\sdk/vexv5\libv5rt.a(v5_apijump.c.obj)
                0x038017d4                vexTaskStopWithId
 .text.vexCriticalSection
                0x038017e4       0x2c C:\Program Files (x86)\VEX Robotics\VEXcode Pro V5\sdk/vexv5\libv5rt.a(v5_apijump.c.obj)
                0x038017e4                vexCriticalSection
 .text.vexEventAdd
                0x03801810       0x34 C:\Program Files (x86)\VEX Robotics\VEXcode Pro V5\sdk/vexv5\libv5rt.a(v5_apijump.c.obj)
                0x03801810                vexEventAdd
 .text.vexEventUserIndexGet
                0x03801844       0x1c C:\Program Files (x86)\VEX Robotics\VEXcode Pro V5\sdk/vexv5\libv5rt.a(v5_apijump.c.obj)
                0x03801844                vexEventUserIndexGet
 .text.vexEventAddWithArg
                0x03801860       0x3c C:\Program Files (x86)\VEX Robotics\VEXcode Pro V5\sdk/vexv5\libv5rt.a(v5_apijump.c.obj)
                0x03801860                vexEventAddWithArg
 .text.vexEventsCleanup
                0x0380189c       0x2c C:\Program Files (x86)\VEX Robotics\VEXcode Pro V5\sdk/vexv5\libv5rt.a(v5_apijump.c.obj)
                0x0380189c                vexEventsCleanup
 .text.vexDebug
                0x038018c8       0x38 C:\Program Files (x86)\VEX Robotics\VEXcode Pro V5\sdk/vexv5\libv5rt.a(v5_apijump.c.obj)
                0x038018c8                vexDebug
 .text.vex_sprintf
                0x03801900       0x40 C:\Program Files (x86)\VEX Robotics\VEXcode Pro V5\sdk/vexv5\libv5rt.a(v5_apijump.c.obj)
                0x03801900                vex_sprintf
 .text.vex_vsnprintf
                0x03801940       0x3c C:\Program Files (x86)\VEX Robotics\VEXcode Pro V5\sdk/vexv5\libv5rt.a(v5_apijump.c.obj)
                0x03801940                vex_vsnprintf
 .text.vexSystemTimeGet
                0x0380197c       0x1c C:\Program Files (x86)\VEX Robotics\VEXcode Pro V5\sdk/vexv5\libv5rt.a(v5_apijump.c.obj)
                0x0380197c                vexSystemTimeGet
 .text.vexSystemExitRequest
                0x03801998       0x1c C:\Program Files (x86)\VEX Robotics\VEXcode Pro V5\sdk/vexv5\libv5rt.a(v5_apijump.c.obj)
                0x03801998                vexSystemExitRequest
 .text.vexDeviceGetByIndex
                0x038019b4       0x24 C:\Program Files (x86)\VEX Robotics\VEXcode Pro V5\sdk/vexv5\libv5rt.a(v5_apijump.c.obj)
                0x038019b4                vexDeviceGetByIndex
 .text.vexControllerGet
                0x038019d8       0x2c C:\Program Files (x86)\VEX Robotics\VEXcode Pro V5\sdk/vexv5\libv5rt.a(v5_apijump.c.obj)
                0x038019d8                vexControllerGet
 .text.vexDeviceAdiPortConfigSet
                0x03801a04       0x34 C:\Program Files (x86)\VEX Robotics\VEXcode Pro V5\sdk/vexv5\libv5rt.a(v5_apijump.c.obj)
                0x03801a04                vexDeviceAdiPortConfigSet
 .text.vexDeviceAdiPortConfigGet
                0x03801a38       0x2c C:\Program Files (x86)\VEX Robotics\VEXcode Pro V5\sdk/vexv5\libv5rt.a(v5_apijump.c.obj)
                0x03801a38                vexDeviceAdiPortConfigGet
 .text.vexDeviceAdiValueSet
                0x03801a64       0x34 C:\Program Files (x86)\VEX Robotics\VEXcode Pro V5\sdk/vexv5\libv5rt.a(v5_apijump.c.obj)
                0x03801a64                vexDeviceAdiValueSet
 .text.vexDeviceMotorVelocitySet
                0x03801a98       0x2c C:\Program Files (x86)\VEX Robotics\VEXcode Pro V5\sdk/vexv5\libv5rt.a(v5_apijump.c.obj)
                0x03801a98                vexDeviceMotorVelocitySet
 .text.vexDeviceMotorVoltageSet
                0x03801ac4       0x2c C:\Program Files (x86)\VEX Robotics\VEXcode Pro V5\sdk/vexv5\libv5rt.a(v5_apijump.c.obj)
                0x03801ac4                vexDeviceMotorVoltageSet
 .text.vexDeviceMotorActualVelocityGet
                0x03801af0       0x24 C:\Program Files (x86)\VEX Robotics\VEXcode Pro V5\sdk/vexv5\libv5rt.a(v5_apijump.c.obj)
                0x03801af0                vexDeviceMotorActualVelocityGet
 .text.vexDeviceMotorZeroPositionFlagGet
                0x03801b14       0x24 C:\Program Files (x86)\VEX Robotics\VEXcode Pro V5\sdk/vexv5\libv5rt.a(v5_apijump.c.obj)
                0x03801b14                vexDeviceMotorZeroPositionFlagGet
 .text.vexDeviceMotorReverseFlagSet
                0x03801b38       0x2c C:\Program Files (x86)\VEX Robotics\VEXcode Pro V5\sdk/vexv5\libv5rt.a(v5_apijump.c.obj)
                0x03801b38                vexDeviceMotorReverseFlagSet
 .text.vexDeviceMotorEncoderUnitsSet
                0x03801b64       0x2c C:\Program Files (x86)\VEX Robotics\VEXcode Pro V5\sdk/vexv5\libv5rt.a(v5_apijump.c.obj)
                0x03801b64                vexDeviceMotorEncoderUnitsSet
 .text.vexDeviceMotorBrakeModeSet
                0x03801b90       0x2c C:\Program Files (x86)\VEX Robotics\VEXcode Pro V5\sdk/vexv5\libv5rt.a(v5_apijump.c.obj)
                0x03801b90                vexDeviceMotorBrakeModeSet
 .text.vexDeviceMotorPositionSet
                0x03801bbc       0x34 C:\Program Files (x86)\VEX Robotics\VEXcode Pro V5\sdk/vexv5\libv5rt.a(v5_apijump.c.obj)
                0x03801bbc                vexDeviceMotorPositionSet
 .text.vexDeviceMotorPositionGet
                0x03801bf0       0x24 C:\Program Files (x86)\VEX Robotics\VEXcode Pro V5\sdk/vexv5\libv5rt.a(v5_apijump.c.obj)
                0x03801bf0                vexDeviceMotorPositionGet
 .text.vexDeviceMotorRelativeTargetSet
                0x03801c14       0x3c C:\Program Files (x86)\VEX Robotics\VEXcode Pro V5\sdk/vexv5\libv5rt.a(v5_apijump.c.obj)
                0x03801c14                vexDeviceMotorRelativeTargetSet
 .text.vexDeviceMotorGearingSet
                0x03801c50       0x2c C:\Program Files (x86)\VEX Robotics\VEXcode Pro V5\sdk/vexv5\libv5rt.a(v5_apijump.c.obj)
                0x03801c50                vexDeviceMotorGearingSet
 .text.vexDeviceMotorGearingGet
                0x03801c7c       0x24 C:\Program Files (x86)\VEX Robotics\VEXcode Pro V5\sdk/vexv5\libv5rt.a(v5_apijump.c.obj)
                0x03801c7c                vexDeviceMotorGearingGet
 .text.vexDeviceImuReset
                0x03801ca0       0x24 C:\Program Files (x86)\VEX Robotics\VEXcode Pro V5\sdk/vexv5\libv5rt.a(v5_apijump.c.obj)
                0x03801ca0                vexDeviceImuReset
 .text.vexDeviceImuHeadingGet
                0x03801cc4       0x24 C:\Program Files (x86)\VEX Robotics\VEXcode Pro V5\sdk/vexv5\libv5rt.a(v5_apijump.c.obj)
                0x03801cc4                vexDeviceImuHeadingGet
 .text.vexDeviceImuDegreesGet
                0x03801ce8       0x24 C:\Program Files (x86)\VEX Robotics\VEXcode Pro V5\sdk/vexv5\libv5rt.a(v5_apijump.c.obj)
                0x03801ce8                vexDeviceImuDegreesGet
 .text.vexDeviceImuStatusGet
                0x03801d0c       0x24 C:\Program Files (x86)\VEX Robotics\VEXcode Pro V5\sdk/vexv5\libv5rt.a(v5_apijump.c.obj)
                0x03801d0c                vexDeviceImuStatusGet
 .text.vexDeviceAbsEncPositionSet
                0x03801d30       0x2c C:\Program Files (x86)\VEX Robotics\VEXcode Pro V5\sdk/vexv5\libv5rt.a(v5_apijump.c.obj)
                0x03801d30                vexDeviceAbsEncPositionSet
 .text.vexDeviceAbsEncPositionGet
                0x03801d5c       0x24 C:\Program Files (x86)\VEX Robotics\VEXcode Pro V5\sdk/vexv5\libv5rt.a(v5_apijump.c.obj)
                0x03801d5c                vexDeviceAbsEncPositionGet
 .text.vexDeviceAbsEncAngleGet
                0x03801d80       0x24 C:\Program Files (x86)\VEX Robotics\VEXcode Pro V5\sdk/vexv5\libv5rt.a(v5_apijump.c.obj)
                0x03801d80                vexDeviceAbsEncAngleGet
 .text.vexDeviceAbsEncReverseFlagSet
                0x03801da4       0x2c C:\Program Files (x86)\VEX Robotics\VEXcode Pro V5\sdk/vexv5\libv5rt.a(v5_apijump.c.obj)
                0x03801da4                vexDeviceAbsEncReverseFlagSet
 .text.vexDeviceGpsReset
                0x03801dd0       0x38 C:\Program Files (x86)\VEX Robotics\VEXcode Pro V5\sdk/vexv5\libv5rt.a(v5_apijump.c.obj)
                0x03801dd0                vexDeviceGpsReset
 .text.vexDeviceGpsHeadingGet
                0x03801e08       0x44 C:\Program Files (x86)\VEX Robotics\VEXcode Pro V5\sdk/vexv5\libv5rt.a(v5_apijump.c.obj)
                0x03801e08                vexDeviceGpsHeadingGet
 .text.vexDeviceGpsDegreesGet
                0x03801e4c       0x44 C:\Program Files (x86)\VEX Robotics\VEXcode Pro V5\sdk/vexv5\libv5rt.a(v5_apijump.c.obj)
                0x03801e4c                vexDeviceGpsDegreesGet
 .text.vexDeviceGpsStatusGet
                0x03801e90       0x40 C:\Program Files (x86)\VEX Robotics\VEXcode Pro V5\sdk/vexv5\libv5rt.a(v5_apijump.c.obj)
                0x03801e90                vexDeviceGpsStatusGet
 .text.vexDeviceGpsModeSet
                0x03801ed0       0x40 C:\Program Files (x86)\VEX Robotics\VEXcode Pro V5\sdk/vexv5\libv5rt.a(v5_apijump.c.obj)
                0x03801ed0                vexDeviceGpsModeSet
 .text.vexDeviceGpsOriginSet
                0x03801f10       0x50 C:\Program Files (x86)\VEX Robotics\VEXcode Pro V5\sdk/vexv5\libv5rt.a(v5_apijump.c.obj)
                0x03801f10                vexDeviceGpsOriginSet
 .text.vexDeviceGpsRotationSet
                0x03801f60       0x48 C:\Program Files (x86)\VEX Robotics\VEXcode Pro V5\sdk/vexv5\libv5rt.a(v5_apijump.c.obj)
                0x03801f60                vexDeviceGpsRotationSet
 .text.vexDeviceGpsRotationGet
                0x03801fa8       0x44 C:\Program Files (x86)\VEX Robotics\VEXcode Pro V5\sdk/vexv5\libv5rt.a(v5_apijump.c.obj)
                0x03801fa8                vexDeviceGpsRotationGet
 .text.vexDisplayForegroundColor
                0x03801fec       0x24 C:\Program Files (x86)\VEX Robotics\VEXcode Pro V5\sdk/vexv5\libv5rt.a(v5_apijump.c.obj)
                0x03801fec                vexDisplayForegroundColor
 .text.vexDisplayBackgroundColor
                0x03802010       0x24 C:\Program Files (x86)\VEX Robotics\VEXcode Pro V5\sdk/vexv5\libv5rt.a(v5_apijump.c.obj)
                0x03802010                vexDisplayBackgroundColor
 .text.vexDisplayVPrintf
                0x03802034       0x50 C:\Program Files (x86)\VEX Robotics\VEXcode Pro V5\sdk/vexv5\libv5rt.a(v5_apijump.c.obj)
                0x03802034                vexDisplayVPrintf
 .text.vexDisplayTextReference
                0x03802084       0x24 C:\Program Files (x86)\VEX Robotics\VEXcode Pro V5\sdk/vexv5\libv5rt.a(v5_apijump.c.obj)
                0x03802084                vexDisplayTextReference
 .text.vexDisplayTextSize
                0x038020a8       0x2c C:\Program Files (x86)\VEX Robotics\VEXcode Pro V5\sdk/vexv5\libv5rt.a(v5_apijump.c.obj)
                0x038020a8                vexDisplayTextSize
 .text.vexDisplayFontNamedSet
                0x038020d4       0x24 C:\Program Files (x86)\VEX Robotics\VEXcode Pro V5\sdk/vexv5\libv5rt.a(v5_apijump.c.obj)
                0x038020d4                vexDisplayFontNamedSet
 .text.vexDisplayStringWidthGet
                0x038020f8       0x24 C:\Program Files (x86)\VEX Robotics\VEXcode Pro V5\sdk/vexv5\libv5rt.a(v5_apijump.c.obj)
                0x038020f8                vexDisplayStringWidthGet
 .text.vexSystemStdlibImpureDataAddr
                0x0380211c       0x28 C:\Program Files (x86)\VEX Robotics\VEXcode Pro V5\sdk/vexv5\libv5rt.a(v5_apijump.c.obj)
                0x0380211c                vexSystemStdlibImpureDataAddr
 .text.vexSystemStdlibImpureDataSize
                0x03802144       0x28 C:\Program Files (x86)\VEX Robotics\VEXcode Pro V5\sdk/vexv5\libv5rt.a(v5_apijump.c.obj)
                0x03802144                vexSystemStdlibImpureDataSize
 .text.vexSystemSaveUserData
                0x0380216c       0x3c C:\Program Files (x86)\VEX Robotics\VEXcode Pro V5\sdk/vexv5\libv5rt.a(v5_apijump.c.obj)
                0x0380216c                vexSystemSaveUserData
 .text.vexDisplayThemeIdGet
                0x038021a8       0x38 C:\Program Files (x86)\VEX Robotics\VEXcode Pro V5\sdk/vexv5\libv5rt.a(v5_apijump.c.obj)
                0x038021a8                vexDisplayThemeIdGet
 .text.vexDeviceEventMaskSet
                0x038021e0       0x48 C:\Program Files (x86)\VEX Robotics\VEXcode Pro V5\sdk/vexv5\libv5rt.a(v5_apijump.c.obj)
                0x038021e0                vexDeviceEventMaskSet
 .text.vexDeviceEventMaskGet
                0x03802228       0x3c C:\Program Files (x86)\VEX Robotics\VEXcode Pro V5\sdk/vexv5\libv5rt.a(v5_apijump.c.obj)
                0x03802228                vexDeviceEventMaskGet
 .text.vexSystemVersion
                0x03802264       0x10 C:\Program Files (x86)\VEX Robotics\VEXcode Pro V5\sdk/vexv5\libv5rt.a(v5_apiversions.c.obj)
                0x03802264                vexSystemVersion
 .text.vexStdlibVersion
                0x03802274       0x10 C:\Program Files (x86)\VEX Robotics\VEXcode Pro V5\sdk/vexv5\libv5rt.a(v5_apiversions.c.obj)
                0x03802274                vexStdlibVersion
 *fill*         0x03802284        0x4 
 .text._ZN3vex4waitEdNS_9timeUnitsE
                0x03802288       0x30 C:\Program Files (x86)\VEX Robotics\VEXcode Pro V5\sdk/vexv5\libv5rt.a(vex_global.cpp.obj)
                0x03802288                vex::wait(double, vex::timeUnits)
 .text._ZN3vex5motorD2Ev
                0x038022b8       0x20 C:\Program Files (x86)\VEX Robotics\VEXcode Pro V5\sdk/vexv5\libv5rt.a(vex_motor.cpp.obj)
                0x038022b8                vex::motor::~motor()
                0x038022b8                vex::motor::~motor()
 .text._ZN3vex5motorD0Ev
                0x038022d8       0x1c C:\Program Files (x86)\VEX Robotics\VEXcode Pro V5\sdk/vexv5\libv5rt.a(vex_motor.cpp.obj)
                0x038022d8                vex::motor::~motor()
 .text._ZN3vex5motor9installedEv
                0x038022f4       0x18 C:\Program Files (x86)\VEX Robotics\VEXcode Pro V5\sdk/vexv5\libv5rt.a(vex_motor.cpp.obj)
                0x038022f4                vex::motor::installed()
 .text._ZN3vex5motor15defaultStoppingENS_9brakeTypeE
                0x0380230c       0x30 C:\Program Files (x86)\VEX Robotics\VEXcode Pro V5\sdk/vexv5\libv5rt.a(vex_motor.cpp.obj)
                0x0380230c                vex::motor::defaultStopping(vex::brakeType)
 .text._ZN3vex5motorC2El
                0x0380233c       0x78 C:\Program Files (x86)\VEX Robotics\VEXcode Pro V5\sdk/vexv5\libv5rt.a(vex_motor.cpp.obj)
                0x0380233c                vex::motor::motor(long)
                0x0380233c                vex::motor::motor(long)
 .text._ZN3vex5motorC2ElNS_11gearSettingEb
                0x038023b4       0x34 C:\Program Files (x86)\VEX Robotics\VEXcode Pro V5\sdk/vexv5\libv5rt.a(vex_motor.cpp.obj)
                0x038023b4                vex::motor::motor(long, vex::gearSetting, bool)
                0x038023b4                vex::motor::motor(long, vex::gearSetting, bool)
 .text._ZN3vex5motor4spinENS_13directionTypeEdNS_12voltageUnitsE
                0x038023e8       0x50 C:\Program Files (x86)\VEX Robotics\VEXcode Pro V5\sdk/vexv5\libv5rt.a(vex_motor.cpp.obj)
                0x038023e8                vex::motor::spin(vex::directionType, double, vex::voltageUnits)
 .text._ZN3vex5motor4stopENS_9brakeTypeE
                0x03802438       0x30 C:\Program Files (x86)\VEX Robotics\VEXcode Pro V5\sdk/vexv5\libv5rt.a(vex_motor.cpp.obj)
                0x03802438                vex::motor::stop(vex::brakeType)
 .text._ZN3vex5motor4stopEv
                0x03802468        0x8 C:\Program Files (x86)\VEX Robotics\VEXcode Pro V5\sdk/vexv5\libv5rt.a(vex_motor.cpp.obj)
                0x03802468                vex::motor::stop()
 .text._ZN3vex5motor16velocityToScaledEdNS_13velocityUnitsE
                0x03802470       0x5c C:\Program Files (x86)\VEX Robotics\VEXcode Pro V5\sdk/vexv5\libv5rt.a(vex_motor.cpp.obj)
                0x03802470                vex::motor::velocityToScaled(double, vex::velocityUnits)
 .text._ZN3vex5motor8velocityENS_13velocityUnitsE
                0x038024cc       0x30 C:\Program Files (x86)\VEX Robotics\VEXcode Pro V5\sdk/vexv5\libv5rt.a(vex_motor.cpp.obj)
                0x038024cc                vex::motor::velocity(vex::velocityUnits)
 .text._ZN3vex5motor5valueEv
                0x038024fc       0x1c C:\Program Files (x86)\VEX Robotics\VEXcode Pro V5\sdk/vexv5\libv5rt.a(vex_motor.cpp.obj)
                0x038024fc                vex::motor::value()
 .text._ZN3vex5motor16scaledToVelocityEdNS_13velocityUnitsE
                0x03802518       0xa4 C:\Program Files (x86)\VEX Robotics\VEXcode Pro V5\sdk/vexv5\libv5rt.a(vex_motor.cpp.obj)
                0x03802518                vex::motor::scaledToVelocity(double, vex::velocityUnits)
 .text._ZN3vex5motor4spinENS_13directionTypeEdNS_13velocityUnitsE
                0x038025bc       0x5c C:\Program Files (x86)\VEX Robotics\VEXcode Pro V5\sdk/vexv5\libv5rt.a(vex_motor.cpp.obj)
                0x038025bc                vex::motor::spin(vex::directionType, double, vex::velocityUnits)
 .text._ZN3vex5motor4spinENS_13directionTypeE
                0x03802618       0x28 C:\Program Files (x86)\VEX Robotics\VEXcode Pro V5\sdk/vexv5\libv5rt.a(vex_motor.cpp.obj)
                0x03802618                vex::motor::spin(vex::directionType)
 .text._ZN3vex5motor11setVelocityEdNS_13velocityUnitsE
                0x03802640       0x54 C:\Program Files (x86)\VEX Robotics\VEXcode Pro V5\sdk/vexv5\libv5rt.a(vex_motor.cpp.obj)
                0x03802640                vex::motor::setVelocity(double, vex::velocityUnits)
 .text._ZN3vex5motor16setRotationUnitsENS_13rotationUnitsE
                0x03802694       0x1c C:\Program Files (x86)\VEX Robotics\VEXcode Pro V5\sdk/vexv5\libv5rt.a(vex_motor.cpp.obj)
                0x03802694                vex::motor::setRotationUnits(vex::rotationUnits)
 .text._ZN3vex5motor11setRotationEdNS_13rotationUnitsE
                0x038026b0       0x44 C:\Program Files (x86)\VEX Robotics\VEXcode Pro V5\sdk/vexv5\libv5rt.a(vex_motor.cpp.obj)
                0x038026b0                vex::motor::setRotation(double, vex::rotationUnits)
 .text._ZN3vex5motor11setPositionEdNS_13rotationUnitsE
                0x038026f4        0x4 C:\Program Files (x86)\VEX Robotics\VEXcode Pro V5\sdk/vexv5\libv5rt.a(vex_motor.cpp.obj)
                0x038026f4                vex::motor::setPosition(double, vex::rotationUnits)
 .text._ZN3vex5motor9rotateForEdNS_13rotationUnitsEdNS_13velocityUnitsEb
                0x038026f8       0xe0 C:\Program Files (x86)\VEX Robotics\VEXcode Pro V5\sdk/vexv5\libv5rt.a(vex_motor.cpp.obj)
                0x038026f8                vex::motor::rotateFor(double, vex::rotationUnits, double, vex::velocityUnits, bool)
 .text._ZN3vex5motor7spinForEdNS_13rotationUnitsEb
                0x038027d8       0x34 C:\Program Files (x86)\VEX Robotics\VEXcode Pro V5\sdk/vexv5\libv5rt.a(vex_motor.cpp.obj)
                0x038027d8                vex::motor::spinFor(double, vex::rotationUnits, bool)
 .text._ZN3vex5motor8rotationENS_13rotationUnitsE
                0x0380280c       0x44 C:\Program Files (x86)\VEX Robotics\VEXcode Pro V5\sdk/vexv5\libv5rt.a(vex_motor.cpp.obj)
                0x0380280c                vex::motor::rotation(vex::rotationUnits)
 .text._ZN3vex5motor8positionENS_13rotationUnitsE
                0x03802850        0x4 C:\Program Files (x86)\VEX Robotics\VEXcode Pro V5\sdk/vexv5\libv5rt.a(vex_motor.cpp.obj)
                0x03802850                vex::motor::position(vex::rotationUnits)
 *fill*         0x03802854        0x4 
 .text._ZN3vex8inertial10setHeadingEdNS_13rotationUnitsE
                0x03802858       0x58 C:\Program Files (x86)\VEX Robotics\VEXcode Pro V5\sdk/vexv5\libv5rt.a(vex_imu.cpp.obj)
                0x03802858                vex::inertial::setHeading(double, vex::rotationUnits)
 .text._ZThn16_N3vex8inertial10setHeadingEdNS_13rotationUnitsE
                0x038028b0        0x8 C:\Program Files (x86)\VEX Robotics\VEXcode Pro V5\sdk/vexv5\libv5rt.a(vex_imu.cpp.obj)
                0x038028b0                non-virtual thunk to vex::inertial::setHeading(double, vex::rotationUnits)
 .text._ZN3vex8inertial11setRotationEdNS_13rotationUnitsE
                0x038028b8       0x58 C:\Program Files (x86)\VEX Robotics\VEXcode Pro V5\sdk/vexv5\libv5rt.a(vex_imu.cpp.obj)
                0x038028b8                vex::inertial::setRotation(double, vex::rotationUnits)
 .text._ZThn16_N3vex8inertial11setRotationEdNS_13rotationUnitsE
                0x03802910        0x8 C:\Program Files (x86)\VEX Robotics\VEXcode Pro V5\sdk/vexv5\libv5rt.a(vex_imu.cpp.obj)
                0x03802910                non-virtual thunk to vex::inertial::setRotation(double, vex::rotationUnits)
 .text._ZN3vex8inertialD2Ev
                0x03802918       0x20 C:\Program Files (x86)\VEX Robotics\VEXcode Pro V5\sdk/vexv5\libv5rt.a(vex_imu.cpp.obj)
                0x03802918                vex::inertial::~inertial()
                0x03802918                vex::inertial::~inertial()
 .text._ZThn16_N3vex8inertialD1Ev
                0x03802938        0x8 C:\Program Files (x86)\VEX Robotics\VEXcode Pro V5\sdk/vexv5\libv5rt.a(vex_imu.cpp.obj)
                0x03802938                non-virtual thunk to vex::inertial::~inertial()
 .text._ZN3vex8inertialD0Ev
                0x03802940       0x1c C:\Program Files (x86)\VEX Robotics\VEXcode Pro V5\sdk/vexv5\libv5rt.a(vex_imu.cpp.obj)
                0x03802940                vex::inertial::~inertial()
 .text._ZThn16_N3vex8inertialD0Ev
                0x0380295c        0x8 C:\Program Files (x86)\VEX Robotics\VEXcode Pro V5\sdk/vexv5\libv5rt.a(vex_imu.cpp.obj)
                0x0380295c                non-virtual thunk to vex::inertial::~inertial()
 .text._ZN3vex8inertial9installedEv
                0x03802964       0x18 C:\Program Files (x86)\VEX Robotics\VEXcode Pro V5\sdk/vexv5\libv5rt.a(vex_imu.cpp.obj)
                0x03802964                vex::inertial::installed()
 .text._ZN3vex8inertial5angleENS_13rotationUnitsE
                0x0380297c       0x60 C:\Program Files (x86)\VEX Robotics\VEXcode Pro V5\sdk/vexv5\libv5rt.a(vex_imu.cpp.obj)
                0x0380297c                vex::inertial::angle(vex::rotationUnits)
 .text._ZThn16_N3vex8inertial5angleENS_13rotationUnitsE
                0x038029dc        0x8 C:\Program Files (x86)\VEX Robotics\VEXcode Pro V5\sdk/vexv5\libv5rt.a(vex_imu.cpp.obj)
                0x038029dc                non-virtual thunk to vex::inertial::angle(vex::rotationUnits)
 .text._ZN3vex8inertial7headingENS_13rotationUnitsE
                0x038029e4        0x4 C:\Program Files (x86)\VEX Robotics\VEXcode Pro V5\sdk/vexv5\libv5rt.a(vex_imu.cpp.obj)
                0x038029e4                vex::inertial::heading(vex::rotationUnits)
 .text._ZThn16_N3vex8inertial7headingENS_13rotationUnitsE
                0x038029e8        0x8 C:\Program Files (x86)\VEX Robotics\VEXcode Pro V5\sdk/vexv5\libv5rt.a(vex_imu.cpp.obj)
                0x038029e8                non-virtual thunk to vex::inertial::heading(vex::rotationUnits)
 .text._ZN3vex8inertial5valueEv
                0x038029f0       0x1c C:\Program Files (x86)\VEX Robotics\VEXcode Pro V5\sdk/vexv5\libv5rt.a(vex_imu.cpp.obj)
                0x038029f0                vex::inertial::value()
 *fill*         0x03802a0c        0x4 
 .text._ZN3vex8inertial8rotationENS_13rotationUnitsE
                0x03802a10       0x40 C:\Program Files (x86)\VEX Robotics\VEXcode Pro V5\sdk/vexv5\libv5rt.a(vex_imu.cpp.obj)
                0x03802a10                vex::inertial::rotation(vex::rotationUnits)
 .text._ZThn16_N3vex8inertial8rotationENS_13rotationUnitsE
                0x03802a50        0x8 C:\Program Files (x86)\VEX Robotics\VEXcode Pro V5\sdk/vexv5\libv5rt.a(vex_imu.cpp.obj)
                0x03802a50                non-virtual thunk to vex::inertial::rotation(vex::rotationUnits)
 .text._ZN3vex8inertial13isCalibratingEv
                0x03802a58       0x38 C:\Program Files (x86)\VEX Robotics\VEXcode Pro V5\sdk/vexv5\libv5rt.a(vex_imu.cpp.obj)
                0x03802a58                vex::inertial::isCalibrating()
 .text._ZThn16_N3vex8inertial13isCalibratingEv
                0x03802a90        0x8 C:\Program Files (x86)\VEX Robotics\VEXcode Pro V5\sdk/vexv5\libv5rt.a(vex_imu.cpp.obj)
                0x03802a90                non-virtual thunk to vex::inertial::isCalibrating()
 .text._ZN3vex8inertialC2El
                0x03802a98       0x48 C:\Program Files (x86)\VEX Robotics\VEXcode Pro V5\sdk/vexv5\libv5rt.a(vex_imu.cpp.obj)
                0x03802a98                vex::inertial::inertial(long)
                0x03802a98                vex::inertial::inertial(long)
 .text._ZN3vex8inertial16startCalibrationEl
                0x03802ae0       0x20 C:\Program Files (x86)\VEX Robotics\VEXcode Pro V5\sdk/vexv5\libv5rt.a(vex_imu.cpp.obj)
                0x03802ae0                vex::inertial::startCalibration(long)
 .text._ZN3vex8inertial9calibrateEl
                0x03802b00        0xc C:\Program Files (x86)\VEX Robotics\VEXcode Pro V5\sdk/vexv5\libv5rt.a(vex_imu.cpp.obj)
                0x03802b00                vex::inertial::calibrate(long)
                0x03802b04                non-virtual thunk to vex::inertial::calibrate(long)
 .text._ZN3vex8rotationD2Ev
                0x03802b0c       0x20 C:\Program Files (x86)\VEX Robotics\VEXcode Pro V5\sdk/vexv5\libv5rt.a(vex_rotation.cpp.obj)
                0x03802b0c                vex::rotation::~rotation()
                0x03802b0c                vex::rotation::~rotation()
 .text._ZN3vex8rotationD0Ev
                0x03802b2c       0x1c C:\Program Files (x86)\VEX Robotics\VEXcode Pro V5\sdk/vexv5\libv5rt.a(vex_rotation.cpp.obj)
                0x03802b2c                vex::rotation::~rotation()
 .text._ZN3vex8rotation9installedEv
                0x03802b48       0x18 C:\Program Files (x86)\VEX Robotics\VEXcode Pro V5\sdk/vexv5\libv5rt.a(vex_rotation.cpp.obj)
                0x03802b48                vex::rotation::installed()
 .text._ZN3vex8rotation5valueEv
                0x03802b60        0x8 C:\Program Files (x86)\VEX Robotics\VEXcode Pro V5\sdk/vexv5\libv5rt.a(vex_rotation.cpp.obj)
                0x03802b60                vex::rotation::value()
 .text._ZN3vex8rotationC2Elb
                0x03802b68       0x30 C:\Program Files (x86)\VEX Robotics\VEXcode Pro V5\sdk/vexv5\libv5rt.a(vex_rotation.cpp.obj)
                0x03802b68                vex::rotation::rotation(long, bool)
                0x03802b68                vex::rotation::rotation(long, bool)
 .text._ZN3vex8rotation11setPositionEdNS_13rotationUnitsE
                0x03802b98       0x48 C:\Program Files (x86)\VEX Robotics\VEXcode Pro V5\sdk/vexv5\libv5rt.a(vex_rotation.cpp.obj)
                0x03802b98                vex::rotation::setPosition(double, vex::rotationUnits)
 .text._ZN3vex8rotation8positionENS_13rotationUnitsE
                0x03802be0       0x50 C:\Program Files (x86)\VEX Robotics\VEXcode Pro V5\sdk/vexv5\libv5rt.a(vex_rotation.cpp.obj)
                0x03802be0                vex::rotation::position(vex::rotationUnits)
 .text._ZN3vex3gps10setHeadingEdNS_13rotationUnitsE
                0x03802c30       0x58 C:\Program Files (x86)\VEX Robotics\VEXcode Pro V5\sdk/vexv5\libv5rt.a(vex_gps.cpp.obj)
                0x03802c30                vex::gps::setHeading(double, vex::rotationUnits)
 .text._ZThn16_N3vex3gps10setHeadingEdNS_13rotationUnitsE
                0x03802c88        0x8 C:\Program Files (x86)\VEX Robotics\VEXcode Pro V5\sdk/vexv5\libv5rt.a(vex_gps.cpp.obj)
                0x03802c88                non-virtual thunk to vex::gps::setHeading(double, vex::rotationUnits)
 .text._ZN3vex3gps11setRotationEdNS_13rotationUnitsE
                0x03802c90       0x58 C:\Program Files (x86)\VEX Robotics\VEXcode Pro V5\sdk/vexv5\libv5rt.a(vex_gps.cpp.obj)
                0x03802c90                vex::gps::setRotation(double, vex::rotationUnits)
 .text._ZThn16_N3vex3gps11setRotationEdNS_13rotationUnitsE
                0x03802ce8        0x8 C:\Program Files (x86)\VEX Robotics\VEXcode Pro V5\sdk/vexv5\libv5rt.a(vex_gps.cpp.obj)
                0x03802ce8                non-virtual thunk to vex::gps::setRotation(double, vex::rotationUnits)
 .text._ZN3vex3gpsD2Ev
                0x03802cf0       0x20 C:\Program Files (x86)\VEX Robotics\VEXcode Pro V5\sdk/vexv5\libv5rt.a(vex_gps.cpp.obj)
                0x03802cf0                vex::gps::~gps()
                0x03802cf0                vex::gps::~gps()
 .text._ZThn16_N3vex3gpsD1Ev
                0x03802d10        0x8 C:\Program Files (x86)\VEX Robotics\VEXcode Pro V5\sdk/vexv5\libv5rt.a(vex_gps.cpp.obj)
                0x03802d10                non-virtual thunk to vex::gps::~gps()
 .text._ZN3vex3gpsD0Ev
                0x03802d18       0x1c C:\Program Files (x86)\VEX Robotics\VEXcode Pro V5\sdk/vexv5\libv5rt.a(vex_gps.cpp.obj)
                0x03802d18                vex::gps::~gps()
 .text._ZThn16_N3vex3gpsD0Ev
                0x03802d34        0x8 C:\Program Files (x86)\VEX Robotics\VEXcode Pro V5\sdk/vexv5\libv5rt.a(vex_gps.cpp.obj)
                0x03802d34                non-virtual thunk to vex::gps::~gps()
 .text._ZN3vex3gps9installedEv
                0x03802d3c       0x18 C:\Program Files (x86)\VEX Robotics\VEXcode Pro V5\sdk/vexv5\libv5rt.a(vex_gps.cpp.obj)
                0x03802d3c                vex::gps::installed()
 .text._ZN3vex3gps5angleENS_13rotationUnitsE
                0x03802d54       0x78 C:\Program Files (x86)\VEX Robotics\VEXcode Pro V5\sdk/vexv5\libv5rt.a(vex_gps.cpp.obj)
                0x03802d54                vex::gps::angle(vex::rotationUnits)
 .text._ZThn16_N3vex3gps5angleENS_13rotationUnitsE
                0x03802dcc        0x8 C:\Program Files (x86)\VEX Robotics\VEXcode Pro V5\sdk/vexv5\libv5rt.a(vex_gps.cpp.obj)
                0x03802dcc                non-virtual thunk to vex::gps::angle(vex::rotationUnits)
 .text._ZN3vex3gps7headingENS_13rotationUnitsE
                0x03802dd4        0x4 C:\Program Files (x86)\VEX Robotics\VEXcode Pro V5\sdk/vexv5\libv5rt.a(vex_gps.cpp.obj)
                0x03802dd4                vex::gps::heading(vex::rotationUnits)
 .text._ZThn16_N3vex3gps7headingENS_13rotationUnitsE
                0x03802dd8        0x8 C:\Program Files (x86)\VEX Robotics\VEXcode Pro V5\sdk/vexv5\libv5rt.a(vex_gps.cpp.obj)
                0x03802dd8                non-virtual thunk to vex::gps::heading(vex::rotationUnits)
 .text._ZN3vex3gps5valueEv
                0x03802de0       0x1c C:\Program Files (x86)\VEX Robotics\VEXcode Pro V5\sdk/vexv5\libv5rt.a(vex_gps.cpp.obj)
                0x03802de0                vex::gps::value()
 *fill*         0x03802dfc        0x4 
 .text._ZN3vex3gps8rotationENS_13rotationUnitsE
                0x03802e00       0x58 C:\Program Files (x86)\VEX Robotics\VEXcode Pro V5\sdk/vexv5\libv5rt.a(vex_gps.cpp.obj)
                0x03802e00                vex::gps::rotation(vex::rotationUnits)
 .text._ZThn16_N3vex3gps8rotationENS_13rotationUnitsE
                0x03802e58        0x8 C:\Program Files (x86)\VEX Robotics\VEXcode Pro V5\sdk/vexv5\libv5rt.a(vex_gps.cpp.obj)
                0x03802e58                non-virtual thunk to vex::gps::rotation(vex::rotationUnits)
 .text._ZN3vex3gps13isCalibratingEv
                0x03802e60       0x38 C:\Program Files (x86)\VEX Robotics\VEXcode Pro V5\sdk/vexv5\libv5rt.a(vex_gps.cpp.obj)
                0x03802e60                vex::gps::isCalibrating()
 .text._ZThn16_N3vex3gps13isCalibratingEv
                0x03802e98        0x8 C:\Program Files (x86)\VEX Robotics\VEXcode Pro V5\sdk/vexv5\libv5rt.a(vex_gps.cpp.obj)
                0x03802e98                non-virtual thunk to vex::gps::isCalibrating()
 .text._ZN3vex3gps17setSensorRotationEd
                0x03802ea0        0x8 C:\Program Files (x86)\VEX Robotics\VEXcode Pro V5\sdk/vexv5\libv5rt.a(vex_gps.cpp.obj)
                0x03802ea0                vex::gps::setSensorRotation(double)
 .text._ZN3vex3gpsC2Eld
                0x03802ea8       0x70 C:\Program Files (x86)\VEX Robotics\VEXcode Pro V5\sdk/vexv5\libv5rt.a(vex_gps.cpp.obj)
                0x03802ea8                vex::gps::gps(long, double)
                0x03802ea8                vex::gps::gps(long, double)
 .text._ZN3vex3gps9setOriginEddNS_13distanceUnitsE
                0x03802f18       0x68 C:\Program Files (x86)\VEX Robotics\VEXcode Pro V5\sdk/vexv5\libv5rt.a(vex_gps.cpp.obj)
                0x03802f18                vex::gps::setOrigin(double, double, vex::distanceUnits)
 .text._ZN3vex3gpsC2ElddNS_13distanceUnitsEd
                0x03802f80       0x44 C:\Program Files (x86)\VEX Robotics\VEXcode Pro V5\sdk/vexv5\libv5rt.a(vex_gps.cpp.obj)
                0x03802f80                vex::gps::gps(long, double, double, vex::distanceUnits, double)
                0x03802f80                vex::gps::gps(long, double, double, vex::distanceUnits, double)
 .text._ZN3vex3gps16startCalibrationEl
                0x03802fc4       0x48 C:\Program Files (x86)\VEX Robotics\VEXcode Pro V5\sdk/vexv5\libv5rt.a(vex_gps.cpp.obj)
                0x03802fc4                vex::gps::startCalibration(long)
 .text._ZN3vex3gps9calibrateEl
                0x0380300c        0xc C:\Program Files (x86)\VEX Robotics\VEXcode Pro V5\sdk/vexv5\libv5rt.a(vex_gps.cpp.obj)
                0x0380300c                vex::gps::calibrate(long)
                0x03803010                non-virtual thunk to vex::gps::calibrate(long)
 .text._ZN3vex10controllerD2Ev
                0x03803018        0x4 C:\Program Files (x86)\VEX Robotics\VEXcode Pro V5\sdk/vexv5\libv5rt.a(vex_controller.cpp.obj)
                0x03803018                vex::controller::~controller()
                0x03803018                vex::controller::~controller()
 .text._ZN3vex10controller5valueE19_V5_ControllerIndex
                0x0380301c        0x8 C:\Program Files (x86)\VEX Robotics\VEXcode Pro V5\sdk/vexv5\libv5rt.a(vex_controller.cpp.obj)
                0x0380301c                vex::controller::value(_V5_ControllerIndex)
 .text._ZN3vex10controller6button8pressingEv
                0x03803024       0xc8 C:\Program Files (x86)\VEX Robotics\VEXcode Pro V5\sdk/vexv5\libv5rt.a(vex_controller.cpp.obj)
                0x03803024                vex::controller::button::pressing()
 .text._ZN3vex10controller6button7pressedEPFvvE
                0x038030ec      0x108 C:\Program Files (x86)\VEX Robotics\VEXcode Pro V5\sdk/vexv5\libv5rt.a(vex_controller.cpp.obj)
                0x038030ec                vex::controller::button::pressed(void (*)())
 .text._ZN3vex10controller6button21_buttonToPressedEventEv
                0x038031f4       0x20 C:\Program Files (x86)\VEX Robotics\VEXcode Pro V5\sdk/vexv5\libv5rt.a(vex_controller.cpp.obj)
                0x038031f4                vex::controller::button::_buttonToPressedEvent()
 .text._ZN3vex10controller6button22_buttonToReleasedEventEv
                0x03803214       0x20 C:\Program Files (x86)\VEX Robotics\VEXcode Pro V5\sdk/vexv5\libv5rt.a(vex_controller.cpp.obj)
                0x03803214                vex::controller::button::_buttonToReleasedEvent()
 .text._ZN3vex10controller6buttonC2ENS0_11tButtonTypeEPS0_
                0x03803234       0x48 C:\Program Files (x86)\VEX Robotics\VEXcode Pro V5\sdk/vexv5\libv5rt.a(vex_controller.cpp.obj)
                0x03803234                vex::controller::button::button(vex::controller::tButtonType, vex::controller*)
                0x03803234                vex::controller::button::button(vex::controller::tButtonType, vex::controller*)
 .text._ZN3vex10controller4axis5valueEv
                0x0380327c       0x58 C:\Program Files (x86)\VEX Robotics\VEXcode Pro V5\sdk/vexv5\libv5rt.a(vex_controller.cpp.obj)
                0x0380327c                vex::controller::axis::value()
 .text._ZN3vex10controller4axis8positionENS_12percentUnitsE
                0x038032d4       0x1c C:\Program Files (x86)\VEX Robotics\VEXcode Pro V5\sdk/vexv5\libv5rt.a(vex_controller.cpp.obj)
                0x038032d4                vex::controller::axis::position(vex::percentUnits)
 .text._ZN3vex10controller4axis23_joystickToChangedEventEv
                0x038032f0       0x20 C:\Program Files (x86)\VEX Robotics\VEXcode Pro V5\sdk/vexv5\libv5rt.a(vex_controller.cpp.obj)
                0x038032f0                vex::controller::axis::_joystickToChangedEvent()
 .text._ZN3vex10controller4axisC2ENS0_9tAxisTypeEPS0_
                0x03803310       0x2c C:\Program Files (x86)\VEX Robotics\VEXcode Pro V5\sdk/vexv5\libv5rt.a(vex_controller.cpp.obj)
                0x03803310                vex::controller::axis::axis(vex::controller::tAxisType, vex::controller*)
                0x03803310                vex::controller::axis::axis(vex::controller::tAxisType, vex::controller*)
 .text._ZN3vex10controllerC2ENS_14controllerTypeE
                0x0380333c      0x204 C:\Program Files (x86)\VEX Robotics\VEXcode Pro V5\sdk/vexv5\libv5rt.a(vex_controller.cpp.obj)
                0x0380333c                vex::controller::controller(vex::controllerType)
                0x0380333c                vex::controller::controller(vex::controllerType)
 .text._ZN3vex4taskC2EPFivE
                0x03803540       0x5c C:\Program Files (x86)\VEX Robotics\VEXcode Pro V5\sdk/vexv5\libv5rt.a(vex_task.cpp.obj)
                0x03803540                vex::task::task(int (*)())
                0x03803540                vex::task::task(int (*)())
 .text._ZN3vex4taskD2Ev
                0x0380359c        0x4 C:\Program Files (x86)\VEX Robotics\VEXcode Pro V5\sdk/vexv5\libv5rt.a(vex_task.cpp.obj)
                0x0380359c                vex::task::~task()
                0x0380359c                vex::task::~task()
 .text._ZN3vex4task4stopERKS0_
                0x038035a0       0x18 C:\Program Files (x86)\VEX Robotics\VEXcode Pro V5\sdk/vexv5\libv5rt.a(vex_task.cpp.obj)
                0x038035a0                vex::task::stop(vex::task const&)
 .text._ZN3vex4task5sleepEm
                0x038035b8        0x4 C:\Program Files (x86)\VEX Robotics\VEXcode Pro V5\sdk/vexv5\libv5rt.a(vex_task.cpp.obj)
                0x038035b8                vex::task::sleep(unsigned long)
 .text._ZN3vex4task6_indexEPFivE
                0x038035bc       0x14 C:\Program Files (x86)\VEX Robotics\VEXcode Pro V5\sdk/vexv5\libv5rt.a(vex_task.cpp.obj)
                0x038035bc                vex::task::_index(int (*)())
 .text._ZN3vex4task8_stopAllEv
                0x038035d0       0x3c C:\Program Files (x86)\VEX Robotics\VEXcode Pro V5\sdk/vexv5\libv5rt.a(vex_task.cpp.obj)
                0x038035d0                vex::task::_stopAll()
 .text._ZN3vex11this_thread9sleep_forEm
                0x0380360c        0x4 C:\Program Files (x86)\VEX Robotics\VEXcode Pro V5\sdk/vexv5\libv5rt.a(vex_thread.cpp.obj)
                0x0380360c                vex::this_thread::sleep_for(unsigned long)
 .text._ZN3vex5event4initEmmPFvvE
                0x03803610        0x4 C:\Program Files (x86)\VEX Robotics\VEXcode Pro V5\sdk/vexv5\libv5rt.a(vex_event.cpp.obj)
                0x03803610                vex::event::init(unsigned long, unsigned long, void (*)())
 .text._ZN3vex5event4initEmmPFvPvES1_
                0x03803614        0x4 C:\Program Files (x86)\VEX Robotics\VEXcode Pro V5\sdk/vexv5\libv5rt.a(vex_event.cpp.obj)
                0x03803614                vex::event::init(unsigned long, unsigned long, void (*)(void*), void*)
 .text._ZN3vex5event9userindexEv
                0x03803618        0x4 C:\Program Files (x86)\VEX Robotics\VEXcode Pro V5\sdk/vexv5\libv5rt.a(vex_event.cpp.obj)
                0x03803618                vex::event::userindex()
 .text._ZZN3vex6meventC4EmmENUlvE_4_FUNEv
                0x0380361c        0x4 C:\Program Files (x86)\VEX Robotics\VEXcode Pro V5\sdk/vexv5\libv5rt.a(vex_mevent.cpp.obj)
 .text._ZN3vex6meventC2Emm
                0x03803620       0x70 C:\Program Files (x86)\VEX Robotics\VEXcode Pro V5\sdk/vexv5\libv5rt.a(vex_mevent.cpp.obj)
                0x03803620                vex::mevent::mevent(unsigned long, unsigned long)
                0x03803620                vex::mevent::mevent(unsigned long, unsigned long)
 .text._ZN3vex5brain9_getIndexEv
                0x03803690       0x10 C:\Program Files (x86)\VEX Robotics\VEXcode Pro V5\sdk/vexv5\libv5rt.a(vex_brain.cpp.obj)
                0x03803690                vex::brain::_getIndex()
 .text._ZN3vex5brain3lcd9setCursorEll
                0x038036a0       0x44 C:\Program Files (x86)\VEX Robotics\VEXcode Pro V5\sdk/vexv5\libv5rt.a(vex_brain.cpp.obj)
                0x038036a0                vex::brain::lcd::setCursor(long, long)
 .text._ZN3vex5brain3lcd7setFontENS_8fontTypeE
                0x038036e4      0x23c C:\Program Files (x86)\VEX Robotics\VEXcode Pro V5\sdk/vexv5\libv5rt.a(vex_brain.cpp.obj)
                0x038036e4                vex::brain::lcd::setFont(vex::fontType)
 .text._ZN3vex5brain3lcdC2Ev
                0x03803920       0x94 C:\Program Files (x86)\VEX Robotics\VEXcode Pro V5\sdk/vexv5\libv5rt.a(vex_brain.cpp.obj)
                0x03803920                vex::brain::lcd::lcd()
                0x03803920                vex::brain::lcd::lcd()
 .text._ZN3vex5brainC2Ev
                0x038039b4       0x38 C:\Program Files (x86)\VEX Robotics\VEXcode Pro V5\sdk/vexv5\libv5rt.a(vex_brain.cpp.obj)
                0x038039b4                vex::brain::brain()
                0x038039b4                vex::brain::brain()
 .text._ZN3vex5brain3lcd10rowToPixelEl
                0x038039ec       0x34 C:\Program Files (x86)\VEX Robotics\VEXcode Pro V5\sdk/vexv5\libv5rt.a(vex_brain.cpp.obj)
                0x038039ec                vex::brain::lcd::rowToPixel(long)
 .text._ZN3vex5brain3lcd5printEPKcz
                0x03803a20       0xb8 C:\Program Files (x86)\VEX Robotics\VEXcode Pro V5\sdk/vexv5\libv5rt.a(vex_brain.cpp.obj)
                0x03803a20                vex::brain::lcd::print(char const*, ...)
 .text._ZN3vex5brainD2Ev
                0x03803ad8       0x20 C:\Program Files (x86)\VEX Robotics\VEXcode Pro V5\sdk/vexv5\libv5rt.a(vex_brain.cpp.obj)
                0x03803ad8                vex::brain::~brain()
                0x03803ad8                vex::brain::~brain()
 .text._ZN3vex11competition11_autonomousEv
                0x03803af8       0x90 C:\Program Files (x86)\VEX Robotics\VEXcode Pro V5\sdk/vexv5\libv5rt.a(vex_competition.cpp.obj)
                0x03803af8                vex::competition::_autonomous()
 .text._ZN3vex11competition14_drivercontrolEv
                0x03803b88       0x90 C:\Program Files (x86)\VEX Robotics\VEXcode Pro V5\sdk/vexv5\libv5rt.a(vex_competition.cpp.obj)
                0x03803b88                vex::competition::_drivercontrol()
 .text._ZN3vex11competition8_disableEPv
                0x03803c18       0xc8 C:\Program Files (x86)\VEX Robotics\VEXcode Pro V5\sdk/vexv5\libv5rt.a(vex_competition.cpp.obj)
                0x03803c18                vex::competition::_disable(void*)
 .text._ZN3vex11competitionC2Ev
                0x03803ce0      0x13c C:\Program Files (x86)\VEX Robotics\VEXcode Pro V5\sdk/vexv5\libv5rt.a(vex_competition.cpp.obj)
                0x03803ce0                vex::competition::competition()
                0x03803ce0                vex::competition::competition()
 .text._ZN3vex11competitionD2Ev
                0x03803e1c        0x4 C:\Program Files (x86)\VEX Robotics\VEXcode Pro V5\sdk/vexv5\libv5rt.a(vex_competition.cpp.obj)
                0x03803e1c                vex::competition::~competition()
                0x03803e1c                vex::competition::~competition()
 .text._ZN3vex11competition10autonomousEPFvvE
                0x03803e20       0x44 C:\Program Files (x86)\VEX Robotics\VEXcode Pro V5\sdk/vexv5\libv5rt.a(vex_competition.cpp.obj)
                0x03803e20                vex::competition::autonomous(void (*)())
 .text._ZN3vex11competition13drivercontrolEPFvvE
                0x03803e64       0x44 C:\Program Files (x86)\VEX Robotics\VEXcode Pro V5\sdk/vexv5\libv5rt.a(vex_competition.cpp.obj)
                0x03803e64                vex::competition::drivercontrol(void (*)())
 .text._ZN3vex7triportD2Ev
                0x03803ea8       0x38 C:\Program Files (x86)\VEX Robotics\VEXcode Pro V5\sdk/vexv5\libv5rt.a(vex_triport.cpp.obj)
                0x03803ea8                vex::triport::~triport()
                0x03803ea8                vex::triport::~triport()
 .text._ZN3vex7triportD0Ev
                0x03803ee0       0x1c C:\Program Files (x86)\VEX Robotics\VEXcode Pro V5\sdk/vexv5\libv5rt.a(vex_triport.cpp.obj)
                0x03803ee0                vex::triport::~triport()
 .text._ZN3vex7triport9installedEv
                0x03803efc       0x18 C:\Program Files (x86)\VEX Robotics\VEXcode Pro V5\sdk/vexv5\libv5rt.a(vex_triport.cpp.obj)
                0x03803efc                vex::triport::installed()
 .text._ZN3vex7triport4portC2ElPS0_
                0x03803f14       0x74 C:\Program Files (x86)\VEX Robotics\VEXcode Pro V5\sdk/vexv5\libv5rt.a(vex_triport.cpp.obj)
                0x03803f14                vex::triport::port::port(long, vex::triport*)
                0x03803f14                vex::triport::port::port(long, vex::triport*)
 .text._ZN3vex7triportC2El
                0x03803f88       0xf0 C:\Program Files (x86)\VEX Robotics\VEXcode Pro V5\sdk/vexv5\libv5rt.a(vex_triport.cpp.obj)
                0x03803f88                vex::triport::triport(long)
                0x03803f88                vex::triport::triport(long)
 .text._ZN3vex7triport4port4typeENS_11triportTypeE
                0x03804078       0x30 C:\Program Files (x86)\VEX Robotics\VEXcode Pro V5\sdk/vexv5\libv5rt.a(vex_triport.cpp.obj)
                0x03804078                vex::triport::port::type(vex::triportType)
 .text._ZN3vex7triport4port4typeEv
                0x038040a8       0x38 C:\Program Files (x86)\VEX Robotics\VEXcode Pro V5\sdk/vexv5\libv5rt.a(vex_triport.cpp.obj)
                0x038040a8                vex::triport::port::type()
 .text._ZN3vex7triport4port5valueEl
                0x038040e0       0x18 C:\Program Files (x86)\VEX Robotics\VEXcode Pro V5\sdk/vexv5\libv5rt.a(vex_triport.cpp.obj)
                0x038040e0                vex::triport::port::value(long)
 .text._ZN3vex11__trideviceC2ERNS_7triport4portENS_11triportTypeE
                0x038040f8       0x5c C:\Program Files (x86)\VEX Robotics\VEXcode Pro V5\sdk/vexv5\libv5rt.a(vex_triport.cpp.obj)
                0x038040f8                vex::__tridevice::__tridevice(vex::triport::port&, vex::triportType)
                0x038040f8                vex::__tridevice::__tridevice(vex::triport::port&, vex::triportType)
 .text._ZN3vex11digital_outC2ERNS_7triport4portE
                0x03804154       0x18 C:\Program Files (x86)\VEX Robotics\VEXcode Pro V5\sdk/vexv5\libv5rt.a(vex_triport.cpp.obj)
                0x03804154                vex::digital_out::digital_out(vex::triport::port&)
                0x03804154                vex::digital_out::digital_out(vex::triport::port&)
 .text._ZN3vex11digital_outD2Ev
                0x0380416c        0x4 C:\Program Files (x86)\VEX Robotics\VEXcode Pro V5\sdk/vexv5\libv5rt.a(vex_triport.cpp.obj)
                0x0380416c                vex::digital_out::~digital_out()
                0x0380416c                vex::digital_out::~digital_out()
 .text._ZN3vex11digital_out3setEb
                0x03804170        0x8 C:\Program Files (x86)\VEX Robotics\VEXcode Pro V5\sdk/vexv5\libv5rt.a(vex_triport.cpp.obj)
                0x03804170                vex::digital_out::set(bool)
 .text.startup._GLOBAL__sub_I__ZN3vex7triportC2El
                0x03804178       0x30 C:\Program Files (x86)\VEX Robotics\VEXcode Pro V5\sdk/vexv5\libv5rt.a(vex_triport.cpp.obj)
 .text._ZN3vex5colorD2Ev
                0x038041a8        0x4 C:\Program Files (x86)\VEX Robotics\VEXcode Pro V5\sdk/vexv5\libv5rt.a(vex_color.cpp.obj)
                0x038041a8                vex::color::~color()
                0x038041a8                vex::color::~color()
 .text.startup._GLOBAL__sub_I__ZN3vex5color5blackE
                0x038041ac      0x164 C:\Program Files (x86)\VEX Robotics\VEXcode Pro V5\sdk/vexv5\libv5rt.a(vex_color.cpp.obj)
 .text._ZN3vex5timerD2Ev
                0x03804310        0x4 C:\Program Files (x86)\VEX Robotics\VEXcode Pro V5\sdk/vexv5\libv5rt.a(vex_timer.cpp.obj)
                0x03804310                vex::timer::~timer()
                0x03804310                vex::timer::~timer()
 .text._ZN3vex5timer5clearEv
                0x03804314       0x1c C:\Program Files (x86)\VEX Robotics\VEXcode Pro V5\sdk/vexv5\libv5rt.a(vex_timer.cpp.obj)
                0x03804314                vex::timer::clear()
 .text._ZN3vex5timerC2Ev
                0x03804330       0x14 C:\Program Files (x86)\VEX Robotics\VEXcode Pro V5\sdk/vexv5\libv5rt.a(vex_timer.cpp.obj)
                0x03804330                vex::timer::timer()
                0x03804330                vex::timer::timer()
 .text._ZN3vex5timer5resetEv
                0x03804344        0x4 C:\Program Files (x86)\VEX Robotics\VEXcode Pro V5\sdk/vexv5\libv5rt.a(vex_timer.cpp.obj)
                0x03804344                vex::timer::reset()
 .text.vexAdiPortConfigSet
                0x03804348       0x28 C:\Program Files (x86)\VEX Robotics\VEXcode Pro V5\sdk/vexv5\libv5rt.a(v5_apiuser.c.obj)
                0x03804348                vexAdiPortConfigSet
 .text.vexAdiPortConfigGet
                0x03804370       0x28 C:\Program Files (x86)\VEX Robotics\VEXcode Pro V5\sdk/vexv5\libv5rt.a(v5_apiuser.c.obj)
                0x03804370                vexAdiPortConfigGet
 .text.vexAdiValueSet
                0x03804398       0x28 C:\Program Files (x86)\VEX Robotics\VEXcode Pro V5\sdk/vexv5\libv5rt.a(v5_apiuser.c.obj)
                0x03804398                vexAdiValueSet
 .text.vexMotorVelocitySet
                0x038043c0       0x20 C:\Program Files (x86)\VEX Robotics\VEXcode Pro V5\sdk/vexv5\libv5rt.a(v5_apiuser.c.obj)
                0x038043c0                vexMotorVelocitySet
 .text.vexMotorVoltageSet
                0x038043e0       0x20 C:\Program Files (x86)\VEX Robotics\VEXcode Pro V5\sdk/vexv5\libv5rt.a(v5_apiuser.c.obj)
                0x038043e0                vexMotorVoltageSet
 .text.vexMotorActualVelocityGet
                0x03804400       0x24 C:\Program Files (x86)\VEX Robotics\VEXcode Pro V5\sdk/vexv5\libv5rt.a(v5_apiuser.c.obj)
                0x03804400                vexMotorActualVelocityGet
 .text.vexMotorZeroPositionFlagGet
                0x03804424       0x18 C:\Program Files (x86)\VEX Robotics\VEXcode Pro V5\sdk/vexv5\libv5rt.a(v5_apiuser.c.obj)
                0x03804424                vexMotorZeroPositionFlagGet
 .text.vexMotorReverseFlagSet
                0x0380443c       0x20 C:\Program Files (x86)\VEX Robotics\VEXcode Pro V5\sdk/vexv5\libv5rt.a(v5_apiuser.c.obj)
                0x0380443c                vexMotorReverseFlagSet
 .text.vexMotorEncoderUnitsSet
                0x0380445c       0x20 C:\Program Files (x86)\VEX Robotics\VEXcode Pro V5\sdk/vexv5\libv5rt.a(v5_apiuser.c.obj)
                0x0380445c                vexMotorEncoderUnitsSet
 .text.vexMotorBrakeModeSet
                0x0380447c       0x20 C:\Program Files (x86)\VEX Robotics\VEXcode Pro V5\sdk/vexv5\libv5rt.a(v5_apiuser.c.obj)
                0x0380447c                vexMotorBrakeModeSet
 .text.vexMotorPositionSet
                0x0380449c       0x28 C:\Program Files (x86)\VEX Robotics\VEXcode Pro V5\sdk/vexv5\libv5rt.a(v5_apiuser.c.obj)
                0x0380449c                vexMotorPositionSet
 .text.vexMotorPositionGet
                0x038044c4       0x24 C:\Program Files (x86)\VEX Robotics\VEXcode Pro V5\sdk/vexv5\libv5rt.a(v5_apiuser.c.obj)
                0x038044c4                vexMotorPositionGet
 .text.vexMotorRelativeTargetSet
                0x038044e8       0x30 C:\Program Files (x86)\VEX Robotics\VEXcode Pro V5\sdk/vexv5\libv5rt.a(v5_apiuser.c.obj)
                0x038044e8                vexMotorRelativeTargetSet
 .text.vexMotorGearingSet
                0x03804518       0x20 C:\Program Files (x86)\VEX Robotics\VEXcode Pro V5\sdk/vexv5\libv5rt.a(v5_apiuser.c.obj)
                0x03804518                vexMotorGearingSet
 .text.vexMotorGearingGet
                0x03804538       0x18 C:\Program Files (x86)\VEX Robotics\VEXcode Pro V5\sdk/vexv5\libv5rt.a(v5_apiuser.c.obj)
                0x03804538                vexMotorGearingGet
 .text.vexImuReset
                0x03804550       0x10 C:\Program Files (x86)\VEX Robotics\VEXcode Pro V5\sdk/vexv5\libv5rt.a(v5_apiuser.c.obj)
                0x03804550                vexImuReset
 .text.vexImuHeadingGet
                0x03804560       0x10 C:\Program Files (x86)\VEX Robotics\VEXcode Pro V5\sdk/vexv5\libv5rt.a(v5_apiuser.c.obj)
                0x03804560                vexImuHeadingGet
 .text.vexImuDegreesGet
                0x03804570       0x10 C:\Program Files (x86)\VEX Robotics\VEXcode Pro V5\sdk/vexv5\libv5rt.a(v5_apiuser.c.obj)
                0x03804570                vexImuDegreesGet
 .text.vexImuStatusGet
                0x03804580       0x10 C:\Program Files (x86)\VEX Robotics\VEXcode Pro V5\sdk/vexv5\libv5rt.a(v5_apiuser.c.obj)
                0x03804580                vexImuStatusGet
 .text.vexAbsEncPositionSet
                0x03804590       0x18 C:\Program Files (x86)\VEX Robotics\VEXcode Pro V5\sdk/vexv5\libv5rt.a(v5_apiuser.c.obj)
                0x03804590                vexAbsEncPositionSet
 .text.vexAbsEncPositionGet
                0x038045a8       0x10 C:\Program Files (x86)\VEX Robotics\VEXcode Pro V5\sdk/vexv5\libv5rt.a(v5_apiuser.c.obj)
                0x038045a8                vexAbsEncPositionGet
 .text.vexAbsEncAngleGet
                0x038045b8       0x10 C:\Program Files (x86)\VEX Robotics\VEXcode Pro V5\sdk/vexv5\libv5rt.a(v5_apiuser.c.obj)
                0x038045b8                vexAbsEncAngleGet
 .text.vexAbsEncReverseFlagSet
                0x038045c8       0x18 C:\Program Files (x86)\VEX Robotics\VEXcode Pro V5\sdk/vexv5\libv5rt.a(v5_apiuser.c.obj)
                0x038045c8                vexAbsEncReverseFlagSet
 .text.vexGpsReset
                0x038045e0       0x10 C:\Program Files (x86)\VEX Robotics\VEXcode Pro V5\sdk/vexv5\libv5rt.a(v5_apiuser.c.obj)
                0x038045e0                vexGpsReset
 .text.vexGpsHeadingGet
                0x038045f0       0x10 C:\Program Files (x86)\VEX Robotics\VEXcode Pro V5\sdk/vexv5\libv5rt.a(v5_apiuser.c.obj)
                0x038045f0                vexGpsHeadingGet
 .text.vexGpsDegreesGet
                0x03804600       0x10 C:\Program Files (x86)\VEX Robotics\VEXcode Pro V5\sdk/vexv5\libv5rt.a(v5_apiuser.c.obj)
                0x03804600                vexGpsDegreesGet
 .text.vexGpsStatusGet
                0x03804610       0x10 C:\Program Files (x86)\VEX Robotics\VEXcode Pro V5\sdk/vexv5\libv5rt.a(v5_apiuser.c.obj)
                0x03804610                vexGpsStatusGet
 .text.vexGpsModeSet
                0x03804620       0x18 C:\Program Files (x86)\VEX Robotics\VEXcode Pro V5\sdk/vexv5\libv5rt.a(v5_apiuser.c.obj)
                0x03804620                vexGpsModeSet
 .text.vexGpsOriginSet
                0x03804638       0x28 C:\Program Files (x86)\VEX Robotics\VEXcode Pro V5\sdk/vexv5\libv5rt.a(v5_apiuser.c.obj)
                0x03804638                vexGpsOriginSet
 .text.vexGpsRotationSet
                0x03804660       0x20 C:\Program Files (x86)\VEX Robotics\VEXcode Pro V5\sdk/vexv5\libv5rt.a(v5_apiuser.c.obj)
                0x03804660                vexGpsRotationSet
 .text.vexGpsRotationGet
                0x03804680       0x10 C:\Program Files (x86)\VEX Robotics\VEXcode Pro V5\sdk/vexv5\libv5rt.a(v5_apiuser.c.obj)
                0x03804680                vexGpsRotationGet
 .text.vexEventMaskSet
                0x03804690       0x28 C:\Program Files (x86)\VEX Robotics\VEXcode Pro V5\sdk/vexv5\libv5rt.a(v5_apiuser.c.obj)
                0x03804690                vexEventMaskSet
 .text.vexEventMaskGet
                0x038046b8       0x18 C:\Program Files (x86)\VEX Robotics\VEXcode Pro V5\sdk/vexv5\libv5rt.a(v5_apiuser.c.obj)
                0x038046b8                vexEventMaskGet
 .text._ZN3vex6deviceD2Ev
                0x038046d0        0x4 C:\Program Files (x86)\VEX Robotics\VEXcode Pro V5\sdk/vexv5\libv5rt.a(vex_device.cpp.obj)
                0x038046d0                vex::device::~device()
                0x038046d0                vex::device::~device()
 .text._ZN3vex6device5valueEv
                0x038046d4        0x8 C:\Program Files (x86)\VEX Robotics\VEXcode Pro V5\sdk/vexv5\libv5rt.a(vex_device.cpp.obj)
                0x038046d4                vex::device::value()
 .text._ZN3vex6deviceD0Ev
                0x038046dc       0x14 C:\Program Files (x86)\VEX Robotics\VEXcode Pro V5\sdk/vexv5\libv5rt.a(vex_device.cpp.obj)
                0x038046dc                vex::device::~device()
 .text._ZN3vex6device4initEl
                0x038046f0       0x30 C:\Program Files (x86)\VEX Robotics\VEXcode Pro V5\sdk/vexv5\libv5rt.a(vex_device.cpp.obj)
                0x038046f0                vex::device::init(long)
 .text._ZN3vex6deviceC2El
                0x03804720       0x20 C:\Program Files (x86)\VEX Robotics\VEXcode Pro V5\sdk/vexv5\libv5rt.a(vex_device.cpp.obj)
                0x03804720                vex::device::device(long)
                0x03804720                vex::device::device(long)
 .text._ZN3vex6device4typeEv
                0x03804740       0x10 C:\Program Files (x86)\VEX Robotics\VEXcode Pro V5\sdk/vexv5\libv5rt.a(vex_device.cpp.obj)
                0x03804740                vex::device::type()
 .text._ZN3vex6device9installedEv
                0x03804750       0x14 C:\Program Files (x86)\VEX Robotics\VEXcode Pro V5\sdk/vexv5\libv5rt.a(vex_device.cpp.obj)
                0x03804750                vex::device::installed()
 .text.__libc_fini_array
                0x03804764       0x30 C:\Program Files (x86)\VEX Robotics\VEXcode Pro V5\sdk/vexv5/gcc/libs\libc.a(lib_a-fini.o)
                0x03804764                __libc_fini_array
 .text.__libc_init_array
                0x03804794       0x58 C:\Program Files (x86)\VEX Robotics\VEXcode Pro V5\sdk/vexv5/gcc/libs\libc.a(lib_a-init.o)
                0x03804794                __libc_init_array
 *fill*         0x038047ec        0x4 
 .text.__libc_init_array.__stub
                0x038047f0       0x18 linker stubs
 *(.gnu.linkonce.t.*)
 *(.plt)
 *(.gnu_warning)
 *(.gcc_except_table)
 *(.glue_7)
 .glue_7        0x00000000        0x0 linker stubs
 *(.glue_7t)
 .glue_7t       0x00000000        0x0 linker stubs
 *(.vfp11_veneer)
 .vfp11_veneer  0x00000000        0x0 linker stubs
 *(.ARM.extab)
 *(.gnu.linkonce.armextab.*)

.v4_bx          0x03804808        0x0
 .v4_bx         0x00000000        0x0 linker stubs

.iplt           0x03804808        0x0
 .iplt          0x00000000        0x0 build/src/main.o

.init
 *(.init)

.fini
 *(.fini)

.rodata         0x03804808      0x234
                0x03804808                __rodata_start = .
 *(.rodata)
 *(.rodata.*)
 .rodata.str1.1
                0x03804808        0x5 build/src/main.o
 .rodata.str1.1
                0x0380480d       0x2e C:\Program Files (x86)\VEX Robotics\VEXcode Pro V5\sdk/vexv5\libv5rt.a(v5_startup.c.obj)
 *fill*         0x0380483b        0x1 
 .rodata._ZN3vex6PORT20E
                0x0380483c        0x4 C:\Program Files (x86)\VEX Robotics\VEXcode Pro V5\sdk/vexv5\libv5rt.a(vex_global.cpp.obj)
                0x0380483c                vex::PORT20
 .rodata._ZN3vex5PORT3E
                0x03804840        0x4 C:\Program Files (x86)\VEX Robotics\VEXcode Pro V5\sdk/vexv5\libv5rt.a(vex_global.cpp.obj)
                0x03804840                vex::PORT3
 .rodata._ZN3vex5PORT1E
                0x03804844        0x4 C:\Program Files (x86)\VEX Robotics\VEXcode Pro V5\sdk/vexv5\libv5rt.a(vex_global.cpp.obj)
                0x03804844                vex::PORT1
 .rodata._ZN3vex6PORT10E
                0x03804848        0x4 C:\Program Files (x86)\VEX Robotics\VEXcode Pro V5\sdk/vexv5\libv5rt.a(vex_global.cpp.obj)
                0x03804848                vex::PORT10
 .rodata._ZN3vex7forwardE
                0x0380484c        0x4 C:\Program Files (x86)\VEX Robotics\VEXcode Pro V5\sdk/vexv5\libv5rt.a(vex_global.cpp.obj)
                0x0380484c                vex::forward
 .rodata._ZN3vex4msecE
                0x03804850        0x4 C:\Program Files (x86)\VEX Robotics\VEXcode Pro V5\sdk/vexv5\libv5rt.a(vex_global.cpp.obj)
                0x03804850                vex::msec
 .rodata._ZN3vex6PORT18E
                0x03804854        0x4 C:\Program Files (x86)\VEX Robotics\VEXcode Pro V5\sdk/vexv5\libv5rt.a(vex_global.cpp.obj)
                0x03804854                vex::PORT18
 .rodata._ZN3vex9ratio36_1E
                0x03804858        0x4 C:\Program Files (x86)\VEX Robotics\VEXcode Pro V5\sdk/vexv5\libv5rt.a(vex_global.cpp.obj)
                0x03804858                vex::ratio36_1
 .rodata._ZN3vex5PORT9E
                0x0380485c        0x4 C:\Program Files (x86)\VEX Robotics\VEXcode Pro V5\sdk/vexv5\libv5rt.a(vex_global.cpp.obj)
                0x0380485c                vex::PORT9
 .rodata._ZN3vex5PORT6E
                0x03804860        0x4 C:\Program Files (x86)\VEX Robotics\VEXcode Pro V5\sdk/vexv5\libv5rt.a(vex_global.cpp.obj)
                0x03804860                vex::PORT6
 .rodata._ZN3vex7primaryE
                0x03804864        0x4 C:\Program Files (x86)\VEX Robotics\VEXcode Pro V5\sdk/vexv5\libv5rt.a(vex_global.cpp.obj)
                0x03804864                vex::primary
 .rodata._ZN3vex7percentE
                0x03804868        0x4 C:\Program Files (x86)\VEX Robotics\VEXcode Pro V5\sdk/vexv5\libv5rt.a(vex_global.cpp.obj)
                0x03804868                vex::percent
 .rodata._ZN3vex6PORT15E
                0x0380486c        0x4 C:\Program Files (x86)\VEX Robotics\VEXcode Pro V5\sdk/vexv5\libv5rt.a(vex_global.cpp.obj)
                0x0380486c                vex::PORT15
 .rodata._ZN3vex6PORT19E
                0x03804870        0x4 C:\Program Files (x86)\VEX Robotics\VEXcode Pro V5\sdk/vexv5\libv5rt.a(vex_global.cpp.obj)
                0x03804870                vex::PORT19
 .rodata._ZN3vex7degreesE
                0x03804874        0x4 C:\Program Files (x86)\VEX Robotics\VEXcode Pro V5\sdk/vexv5\libv5rt.a(vex_global.cpp.obj)
                0x03804874                vex::degrees
 .rodata._ZN3vex6PORT22E
                0x03804878        0x4 C:\Program Files (x86)\VEX Robotics\VEXcode Pro V5\sdk/vexv5\libv5rt.a(vex_global.cpp.obj)
                0x03804878                vex::PORT22
 .rodata._ZN3vex5PORT7E
                0x0380487c        0x4 C:\Program Files (x86)\VEX Robotics\VEXcode Pro V5\sdk/vexv5\libv5rt.a(vex_global.cpp.obj)
                0x0380487c                vex::PORT7
 .rodata._ZN3vex6PORT16E
                0x03804880        0x4 C:\Program Files (x86)\VEX Robotics\VEXcode Pro V5\sdk/vexv5\libv5rt.a(vex_global.cpp.obj)
                0x03804880                vex::PORT16
 .rodata._ZN3vex5turnsE
                0x03804884        0x4 C:\Program Files (x86)\VEX Robotics\VEXcode Pro V5\sdk/vexv5\libv5rt.a(vex_global.cpp.obj)
                0x03804884                vex::turns
 .rodata._ZN3vex8ratio6_1E
                0x03804888        0x4 C:\Program Files (x86)\VEX Robotics\VEXcode Pro V5\sdk/vexv5\libv5rt.a(vex_global.cpp.obj)
                0x03804888                vex::ratio6_1
 .rodata._ZN3vex2mmE
                0x0380488c        0x4 C:\Program Files (x86)\VEX Robotics\VEXcode Pro V5\sdk/vexv5\libv5rt.a(vex_global.cpp.obj)
                0x0380488c                vex::mm
 .rodata._ZN3vex5PORT8E
                0x03804890        0x4 C:\Program Files (x86)\VEX Robotics\VEXcode Pro V5\sdk/vexv5\libv5rt.a(vex_global.cpp.obj)
                0x03804890                vex::PORT8
 .rodata._ZN3vex6PORT17E
                0x03804894        0x4 C:\Program Files (x86)\VEX Robotics\VEXcode Pro V5\sdk/vexv5\libv5rt.a(vex_global.cpp.obj)
                0x03804894                vex::PORT17
 .rodata._ZTVN3vex5motorE
                0x03804898       0x18 C:\Program Files (x86)\VEX Robotics\VEXcode Pro V5\sdk/vexv5\libv5rt.a(vex_motor.cpp.obj)
                0x03804898                vtable for vex::motor
 .rodata._ZTVN3vex8inertialE
                0x038048b0       0x60 C:\Program Files (x86)\VEX Robotics\VEXcode Pro V5\sdk/vexv5\libv5rt.a(vex_imu.cpp.obj)
                0x038048b0                vtable for vex::inertial
 .rodata._ZTVN3vex8rotationE
                0x03804910       0x18 C:\Program Files (x86)\VEX Robotics\VEXcode Pro V5\sdk/vexv5\libv5rt.a(vex_rotation.cpp.obj)
                0x03804910                vtable for vex::rotation
 .rodata._ZTVN3vex3gpsE
                0x03804928       0x60 C:\Program Files (x86)\VEX Robotics\VEXcode Pro V5\sdk/vexv5\libv5rt.a(vex_gps.cpp.obj)
                0x03804928                vtable for vex::gps
 .rodata.CSWTCH.16
                0x03804988        0xb C:\Program Files (x86)\VEX Robotics\VEXcode Pro V5\sdk/vexv5\libv5rt.a(vex_controller.cpp.obj)
 .rodata.CSWTCH.18
                0x03804993        0xb C:\Program Files (x86)\VEX Robotics\VEXcode Pro V5\sdk/vexv5\libv5rt.a(vex_controller.cpp.obj)
 .rodata.CSWTCH.24
                0x0380499e        0x3 C:\Program Files (x86)\VEX Robotics\VEXcode Pro V5\sdk/vexv5\libv5rt.a(vex_controller.cpp.obj)
 .rodata.str1.1
                0x038049a1       0x14 C:\Program Files (x86)\VEX Robotics\VEXcode Pro V5\sdk/vexv5\libv5rt.a(vex_task.cpp.obj)
 .rodata.str1.1
                0x038049b5       0x2d C:\Program Files (x86)\VEX Robotics\VEXcode Pro V5\sdk/vexv5\libv5rt.a(vex_brain.cpp.obj)
 .rodata.CSWTCH.36
                0x038049e2       0x10 C:\Program Files (x86)\VEX Robotics\VEXcode Pro V5\sdk/vexv5\libv5rt.a(vex_triport.cpp.obj)
 *fill*         0x038049f2        0x6 
 .rodata._ZTVN3vex7triportE
                0x038049f8       0x18 C:\Program Files (x86)\VEX Robotics\VEXcode Pro V5\sdk/vexv5\libv5rt.a(vex_triport.cpp.obj)
                0x038049f8                vtable for vex::triport
 .rodata.CSWTCH.31
                0x03804a10        0xe C:\Program Files (x86)\VEX Robotics\VEXcode Pro V5\sdk/vexv5\libv5rt.a(vex_triport.cpp.obj)
 *fill*         0x03804a1e        0x2 
 .rodata._ZTVN3vex6deviceE
                0x03804a20       0x18 C:\Program Files (x86)\VEX Robotics\VEXcode Pro V5\sdk/vexv5\libv5rt.a(vex_device.cpp.obj)
                0x03804a20                vtable for vex::device
 .rodata.str1.4
                0x03804a38        0x4 C:\Program Files (x86)\VEX Robotics\VEXcode Pro V5\sdk/vexv5/gcc/libs\libc.a(lib_a-impure.o)
                                  0x2 (size before relaxing)
 *(.gnu.linkonce.r.*)
                0x03804a3c                __rodata_end = .

.rodata1        0x03804a3c        0x0
                0x03804a3c                __rodata1_start = .
 *(.rodata1)
 *(.rodata1.*)
                0x03804a3c                __rodata1_end = .

.sdata2         0x03804a3c        0x0
                0x03804a3c                __sdata2_start = .
 *(.sdata2)
 *(.sdata2.*)
 *(.gnu.linkonce.s2.*)
                0x03804a3c                __sdata2_end = .

.sbss2          0x03804a3c        0x0
                0x03804a3c                __sbss2_start = .
 *(.sbss2)
 *(.sbss2.*)
 *(.gnu.linkonce.sb2.*)
                0x03804a3c                __sbss2_end = .

.data           0x03804a40      0x4ac
                0x03804a40                __data_start = .
 *(.data)
 *(.data.*)
 .data.kP       0x03804a40        0x8 build/src/main.o
                0x03804a40                kP
 .data.kD       0x03804a48        0x8 build/src/main.o
                0x03804a48                kD
 .data.turnkP   0x03804a50        0x8 build/src/main.o
                0x03804a50                turnkP
 .data.turnkI   0x03804a58        0x8 build/src/main.o
                0x03804a58                turnkI
 .data.turnkD   0x03804a60        0x8 build/src/main.o
                0x03804a60                turnkD
 .data.desiredValue
                0x03804a68        0x4 build/src/main.o
                0x03804a68                desiredValue
 *fill*         0x03804a6c        0x4 
 .data.maxSpeed
                0x03804a70        0x8 build/src/main.o
                0x03804a70                maxSpeed
 .data.maxTurnSpeed
                0x03804a78        0x8 build/src/main.o
                0x03804a78                maxTurnSpeed
 .data.enableDrivePID
                0x03804a80        0x1 build/src/main.o
                0x03804a80                enableDrivePID
 *fill*         0x03804a81        0x7 
 .data.CkP      0x03804a88        0x8 build/src/main.o
                0x03804a88                CkP
 .data.CdesiredValue
                0x03804a90        0x4 build/src/main.o
                0x03804a90                CdesiredValue
 .data.CresetDriveSensor
                0x03804a94        0x1 build/src/main.o
                0x03804a94                CresetDriveSensor
 .data.CenableDrivePID
                0x03804a95        0x1 build/src/main.o
                0x03804a95                CenableDrivePID
 *fill*         0x03804a96        0x2 
 .data.WHEEL_RADIUS
                0x03804a98        0x8 build/src/main.o
                0x03804a98                WHEEL_RADIUS
 .data.LTrackRadius
                0x03804aa0        0x8 build/src/main.o
                0x03804aa0                LTrackRadius
 .data.STrackRadius
                0x03804aa8        0x8 build/src/main.o
                0x03804aa8                STrackRadius
 .data.DrivetrainLNeedsToBeStopped_Controller1
                0x03804ab0        0x1 build/src/main.o
                0x03804ab0                DrivetrainLNeedsToBeStopped_Controller1
 .data.helpme   0x03804ab1        0x1 build/src/main.o
                0x03804ab1                helpme
 *fill*         0x03804ab2        0x2 
 .data.appRunning
                0x03804ab4        0x4 C:\Program Files (x86)\VEX Robotics\VEXcode Pro V5\sdk/vexv5\libv5rt.a(v5_startup.c.obj)
                0x03804ab4                appRunning
 .data.__yoff   0x03804ab8        0x4 C:\Program Files (x86)\VEX Robotics\VEXcode Pro V5\sdk/vexv5\libv5rt.a(v5_apijump.c.obj)
 .data._ZN3vex24__default_motor_velocityE
                0x03804abc        0x4 C:\Program Files (x86)\VEX Robotics\VEXcode Pro V5\sdk/vexv5\libv5rt.a(vex_motor.cpp.obj)
                0x03804abc                vex::__default_motor_velocity
 .data.impure_data
                0x03804ac0      0x428 C:\Program Files (x86)\VEX Robotics\VEXcode Pro V5\sdk/vexv5/gcc/libs\libc.a(lib_a-impure.o)
 .data._impure_ptr
                0x03804ee8        0x4 C:\Program Files (x86)\VEX Robotics\VEXcode Pro V5\sdk/vexv5/gcc/libs\libc.a(lib_a-impure.o)
                0x03804ee8                _impure_ptr
 *(.gnu.linkonce.d.*)
 *(.jcr)
 *(.got)
 *(.got.plt)
                0x03804eec                __data_end = .

.igot.plt       0x03804eec        0x0
 .igot.plt      0x00000000        0x0 build/src/main.o

.data1          0x03804eec        0x0
                0x03804eec                __data1_start = .
 *(.data1)
 *(.data1.*)
                0x03804eec                __data1_end = .

.got
 *(.got)

.ctors          0x03804eec        0x0
                0x03804eec                __CTOR_LIST__ = .
                0x03804eec                ___CTORS_LIST___ = .
 *crtbegin.o(.ctors)
 *(EXCLUDE_FILE(*crtend.o) .ctors)
 *(SORT(.ctors.*))
 *(.ctors)
                0x03804eec                __CTOR_END__ = .
                0x03804eec                ___CTORS_END___ = .

.dtors          0x03804eec        0x0
                0x03804eec                __DTOR_LIST__ = .
                0x03804eec                ___DTORS_LIST___ = .
 *crtbegin.o(.dtors)
 *(EXCLUDE_FILE(*crtend.o) .dtors)
 *(SORT(.dtors.*))
 *(.dtors)
                0x03804eec                __DTOR_END__ = .
                0x03804eec                ___DTORS_END___ = .

.fixup          0x03804eec        0x0
                0x03804eec                __fixup_start = .
 *(.fixup)
                0x03804eec                __fixup_end = .

.eh_frame
 *(.eh_frame)

.eh_framehdr    0x03804eec        0x0
                0x03804eec                __eh_framehdr_start = .
 *(.eh_framehdr)
                0x03804eec                __eh_framehdr_end = .

.gcc_except_table
 *(.gcc_except_table)

.mmu_tbl        0x03808000        0x0
                0x03808000                __mmu_tbl_start = .
 *(.mmu_tbl)
                0x03808000                __mmu_tbl_end = .

.ARM.exidx      0x03804eec        0x8
                0x03804eec                __exidx_start = .
 *(.ARM.exidx*)
 .ARM.exidx.text._Z8drivePIDv
                0x03804eec        0x8 build/src/main.o
 .ARM.exidx.text._Z9CdrivePIDv
                0x03804ef4        0x0 build/src/main.o
                                  0x8 (size before relaxing)
 .ARM.exidx.text._Z16positionTrackingv
                0x03804ef4        0x0 build/src/main.o
                                  0x8 (size before relaxing)
 .ARM.exidx.text._Z9pre_autonv
                0x03804ef4        0x0 build/src/main.o
                                  0x8 (size before relaxing)
 .ARM.exidx.text._Z8shootarmv
                0x03804ef4        0x0 build/src/main.o
                                  0x8 (size before relaxing)
 .ARM.exidx.text._Z10autonomousv
                0x03804ef4        0x0 build/src/main.o
                                  0x8 (size before relaxing)
 .ARM.exidx.text._Z13leftDrivestopv
                0x03804ef4        0x0 build/src/main.o
                                  0x8 (size before relaxing)
 .ARM.exidx.text._Z14rightDrivestopv
                0x03804ef4        0x0 build/src/main.o
                                  0x8 (size before relaxing)
 .ARM.exidx.text._Z13catapultRightv
                0x03804ef4        0x0 build/src/main.o
                                  0x8 (size before relaxing)
 .ARM.exidx.text._Z11cataclangerv
                0x03804ef4        0x0 build/src/main.o
                                  0x8 (size before relaxing)
 .ARM.exidx.text._Z15shootarmcorrectv
                0x03804ef4        0x0 build/src/main.o
                                  0x8 (size before relaxing)
 .ARM.exidx.text._Z11usercontrolv
                0x03804ef4        0x0 build/src/main.o
                                  0x8 (size before relaxing)
 .ARM.exidx.text.main
                0x03804ef4        0x0 build/src/main.o
                                  0x8 (size before relaxing)
 .ARM.exidx.text._GLOBAL__sub_I_main.cpp
                0x03804ef4        0x0 build/src/main.o
                                  0x8 (size before relaxing)
 .ARM.exidx.text._Z11vexcodeInitv
                0x03804ef4        0x0 build/src/robot-config.o
                                  0x8 (size before relaxing)
 .ARM.exidx.text._GLOBAL__sub_I_robot_config.cpp
                0x03804ef4        0x0 build/src/robot-config.o
                                  0x8 (size before relaxing)
 *(.gnu.linkonce.armexidix.*.*)
                0x03804ef4                __exidx_end = .

.rel.dyn        0x03804ef4        0x0
 .rel.iplt      0x00000000        0x0 build/src/main.o

.preinit_array  0x03804ef4        0x0
                0x03804ef4                __preinit_array_start = .
 *(SORT(.preinit_array.*))
 *(.preinit_array)
                0x03804ef4                __preinit_array_end = .

.init_array     0x03804ef4       0x10
                0x03804ef4                __init_array_start = .
 *(SORT(.init_array.*))
 *(.init_array)
 .init_array    0x03804ef4        0x4 build/src/main.o
 .init_array    0x03804ef8        0x4 build/src/robot-config.o
 .init_array    0x03804efc        0x4 C:\Program Files (x86)\VEX Robotics\VEXcode Pro V5\sdk/vexv5\libv5rt.a(vex_triport.cpp.obj)
 .init_array    0x03804f00        0x4 C:\Program Files (x86)\VEX Robotics\VEXcode Pro V5\sdk/vexv5\libv5rt.a(vex_color.cpp.obj)
                0x03804f04                __init_array_end = .

.fini_array     0x03804f04        0x0
                0x03804f04                __fini_array_start = .
 *(SORT(.fini_array.*))
 *(.fini_array)
                0x03804f04                __fini_array_end = .

.ARM.attributes
                0x03804f04       0x3c
                0x03804f04                __ARM.attributes_start = .
 *(.ARM.attributes)
 .ARM.attributes
                0x03804f04       0x3a build/src/main.o
 .ARM.attributes
                0x03804f3e       0x3a build/src/robot-config.o
 .ARM.attributes
                0x03804f78       0x35 C:\Program Files (x86)\VEX Robotics\VEXcode Pro V5\sdk/vexv5\libv5rt.a(v5_startup.c.obj)
 .ARM.attributes
                0x03804fad       0x35 C:\Program Files (x86)\VEX Robotics\VEXcode Pro V5\sdk/vexv5\libv5rt.a(v5_util.c.obj)
 .ARM.attributes
                0x03804fe2       0x35 C:\Program Files (x86)\VEX Robotics\VEXcode Pro V5\sdk/vexv5\libv5rt.a(v5_apijump.c.obj)
 .ARM.attributes
                0x03805017       0x35 C:\Program Files (x86)\VEX Robotics\VEXcode Pro V5\sdk/vexv5\libv5rt.a(v5_apiversions.c.obj)
 .ARM.attributes
                0x0380504c       0x35 C:\Program Files (x86)\VEX Robotics\VEXcode Pro V5\sdk/vexv5\libv5rt.a(vex_global.cpp.obj)
 .ARM.attributes
                0x03805081       0x35 C:\Program Files (x86)\VEX Robotics\VEXcode Pro V5\sdk/vexv5\libv5rt.a(vex_motor.cpp.obj)
 .ARM.attributes
                0x038050b6       0x35 C:\Program Files (x86)\VEX Robotics\VEXcode Pro V5\sdk/vexv5\libv5rt.a(vex_imu.cpp.obj)
 .ARM.attributes
                0x038050eb       0x35 C:\Program Files (x86)\VEX Robotics\VEXcode Pro V5\sdk/vexv5\libv5rt.a(vex_rotation.cpp.obj)
 .ARM.attributes
                0x03805120       0x35 C:\Program Files (x86)\VEX Robotics\VEXcode Pro V5\sdk/vexv5\libv5rt.a(vex_gps.cpp.obj)
 .ARM.attributes
                0x03805155       0x35 C:\Program Files (x86)\VEX Robotics\VEXcode Pro V5\sdk/vexv5\libv5rt.a(vex_controller.cpp.obj)
 .ARM.attributes
                0x0380518a       0x35 C:\Program Files (x86)\VEX Robotics\VEXcode Pro V5\sdk/vexv5\libv5rt.a(vex_task.cpp.obj)
 .ARM.attributes
                0x038051bf       0x35 C:\Program Files (x86)\VEX Robotics\VEXcode Pro V5\sdk/vexv5\libv5rt.a(vex_thread.cpp.obj)
 .ARM.attributes
                0x038051f4       0x35 C:\Program Files (x86)\VEX Robotics\VEXcode Pro V5\sdk/vexv5\libv5rt.a(vex_event.cpp.obj)
 .ARM.attributes
                0x03805229       0x35 C:\Program Files (x86)\VEX Robotics\VEXcode Pro V5\sdk/vexv5\libv5rt.a(vex_mevent.cpp.obj)
 .ARM.attributes
                0x0380525e       0x35 C:\Program Files (x86)\VEX Robotics\VEXcode Pro V5\sdk/vexv5\libv5rt.a(vex_brain.cpp.obj)
 .ARM.attributes
                0x03805293       0x35 C:\Program Files (x86)\VEX Robotics\VEXcode Pro V5\sdk/vexv5\libv5rt.a(vex_competition.cpp.obj)
 .ARM.attributes
                0x038052c8       0x35 C:\Program Files (x86)\VEX Robotics\VEXcode Pro V5\sdk/vexv5\libv5rt.a(vex_triport.cpp.obj)
 .ARM.attributes
                0x038052fd       0x35 C:\Program Files (x86)\VEX Robotics\VEXcode Pro V5\sdk/vexv5\libv5rt.a(vex_color.cpp.obj)
 .ARM.attributes
                0x03805332       0x35 C:\Program Files (x86)\VEX Robotics\VEXcode Pro V5\sdk/vexv5\libv5rt.a(vex_timer.cpp.obj)
 .ARM.attributes
                0x03805367       0x35 C:\Program Files (x86)\VEX Robotics\VEXcode Pro V5\sdk/vexv5\libv5rt.a(v5_apiuser.c.obj)
 .ARM.attributes
                0x0380539c       0x35 C:\Program Files (x86)\VEX Robotics\VEXcode Pro V5\sdk/vexv5\libv5rt.a(vex_device.cpp.obj)
 .ARM.attributes
                0x038053d1       0x2b C:\Program Files (x86)\VEX Robotics\VEXcode Pro V5\sdk/vexv5/gcc/libs\libc.a(lib_a-fini.o)
 .ARM.attributes
                0x038053fc       0x2b C:\Program Files (x86)\VEX Robotics\VEXcode Pro V5\sdk/vexv5/gcc/libs\libc.a(lib_a-impure.o)
 .ARM.attributes
                0x03805427       0x2b C:\Program Files (x86)\VEX Robotics\VEXcode Pro V5\sdk/vexv5/gcc/libs\libc.a(lib_a-init.o)
                0x03805452                __ARM.attributes_end = .

.sdata          0x03804f04        0x0
                0x03804f04                __sdata_start = .
 *(.sdata)
 *(.sdata.*)
 *(.gnu.linkonce.s.*)
                0x03804f04                __sdata_end = .

.sbss           0x03804f04        0x0
                0x03804f04                __sbss_start = .
 *(.sbss)
 *(.sbss.*)
 *(.gnu.linkonce.sb.*)
                0x03804f04                __sbss_end = .

.tdata          0x03804f04        0x0
                0x03804f04                __tdata_start = .
 *(.tdata)
 *(.tdata.*)
 *(.gnu.linkonce.td.*)
                0x03804f04                __tdata_end = .

.tbss           0x03804f04        0x0
                0x03804f04                __tbss_start = .
 *(.tbss)
 *(.tbss.*)
 *(.gnu.linkonce.tb.*)
                0x03804f04                __tbss_end = .

.bss            0x03804f08      0x830
                0x03804f08                __bss_start = .
 *(.bss)
 *(.bss.*)
 .bss.Competition
                0x03804f08       0x28 build/src/main.o
                0x03804f08                Competition
 .bss.kI        0x03804f30        0x8 build/src/main.o
                0x03804f30                kI
 .bss.desiredTurnValue
                0x03804f38        0x4 build/src/main.o
                0x03804f38                desiredTurnValue
 .bss.error     0x03804f3c        0x4 build/src/main.o
                0x03804f3c                error
 .bss.prevError
                0x03804f40        0x4 build/src/main.o
                0x03804f40                prevError
 .bss.derivative
                0x03804f44        0x4 build/src/main.o
                0x03804f44                derivative
 .bss.totalError
                0x03804f48        0x4 build/src/main.o
                0x03804f48                totalError
 .bss.turnError
                0x03804f4c        0x4 build/src/main.o
                0x03804f4c                turnError
 .bss.turnPrevError
                0x03804f50        0x4 build/src/main.o
                0x03804f50                turnPrevError
 .bss.turnDerivative
                0x03804f54        0x4 build/src/main.o
                0x03804f54                turnDerivative
 .bss.turnTotalError
                0x03804f58        0x4 build/src/main.o
                0x03804f58                turnTotalError
 .bss.resetDriveSensor
                0x03804f5c        0x1 build/src/main.o
                0x03804f5c                resetDriveSensor
 *fill*         0x03804f5d        0x3 
 .bss.CkI       0x03804f60        0x8 build/src/main.o
                0x03804f60                CkI
 .bss.CkD       0x03804f68        0x8 build/src/main.o
                0x03804f68                CkD
 .bss.Cerror    0x03804f70        0x4 build/src/main.o
                0x03804f70                Cerror
 .bss.CprevError
                0x03804f74        0x4 build/src/main.o
                0x03804f74                CprevError
 .bss.Cderivative
                0x03804f78        0x4 build/src/main.o
                0x03804f78                Cderivative
 .bss.CtotalError
                0x03804f7c        0x4 build/src/main.o
                0x03804f7c                CtotalError
 .bss.THETA_START
                0x03804f80        0x8 build/src/main.o
                0x03804f80                THETA_START
 .bss.X_START   0x03804f88        0x8 build/src/main.o
                0x03804f88                X_START
 .bss.Y_START   0x03804f90        0x8 build/src/main.o
                0x03804f90                Y_START
 .bss.LPos      0x03804f98        0x8 build/src/main.o
                0x03804f98                LPos
 .bss.SPos      0x03804fa0        0x8 build/src/main.o
                0x03804fa0                SPos
 .bss.LPrevPos  0x03804fa8        0x8 build/src/main.o
                0x03804fa8                LPrevPos
 .bss.SPrevPos  0x03804fb0        0x8 build/src/main.o
                0x03804fb0                SPrevPos
 .bss.deltaDistL
                0x03804fb8        0x8 build/src/main.o
                0x03804fb8                deltaDistL
 .bss.deltaDistS
                0x03804fc0        0x8 build/src/main.o
                0x03804fc0                deltaDistS
 .bss.totalDeltaDistL
                0x03804fc8        0x8 build/src/main.o
                0x03804fc8                totalDeltaDistL
 .bss.currentAbsoluteOrientation
                0x03804fd0        0x8 build/src/main.o
                0x03804fd0                currentAbsoluteOrientation
 .bss.previousTheta
                0x03804fd8        0x8 build/src/main.o
                0x03804fd8                previousTheta
 .bss.deltaTheta
                0x03804fe0        0x8 build/src/main.o
                0x03804fe0                deltaTheta
 .bss.avgThetaForArc
                0x03804fe8        0x8 build/src/main.o
                0x03804fe8                avgThetaForArc
 .bss.deltaXLocal
                0x03804ff0        0x8 build/src/main.o
                0x03804ff0                deltaXLocal
 .bss.deltaYLocal
                0x03804ff8        0x8 build/src/main.o
                0x03804ff8                deltaYLocal
 .bss.deltaXGlobal
                0x03805000        0x8 build/src/main.o
                0x03805000                deltaXGlobal
 .bss.deltaYGlobal
                0x03805008        0x8 build/src/main.o
                0x03805008                deltaYGlobal
 .bss.xPosGlobal
                0x03805010        0x8 build/src/main.o
                0x03805010                xPosGlobal
 .bss.yPosGlobal
                0x03805018        0x8 build/src/main.o
                0x03805018                yPosGlobal
 .bss.DrivetrainRNeedsToBeStopped_Controller1
                0x03805020        0x1 build/src/main.o